Component: ARM Compiler 5.06 update 6 (build 750) Tool: armlink [4d35ed]

==============================================================================

Section Cross References

    main.o(.text) refers to buzzer.o(.text) for Beep_Init
    main.o(.text) refers to delay.o(.text) for delay_init
    main.o(.text) refers to oled.o(.text) for OLED_Init
    main.o(.text) refers to bsp_rgb.o(.text) for RGB_Init
    main.o(.text) refers to ldr.o(.text) for LDR_Init
    main.o(.text) refers to bsp_dht11.o(.text) for DHT11_Init
    main.o(.text) refers to adc.o(.text) for ADC_myInit
    main.o(.text) refers to mq135.o(.text) for MQ135_Init
    main.o(.text) refers to flame.o(.text) for Flame_Init
    main.o(.text) refers to esp8266.o(.text) for ESP8266_Init
    main.o(.text) refers to feqf.o(x$fpl$feqf) for __aeabi_cfcmpeq
    main.o(.text) refers to ffixu.o(x$fpl$ffixu) for __aeabi_f2uiz
    main.o(.text) refers to fleqf.o(x$fpl$fleqf) for __aeabi_cfcmple
    main.o(.text) refers to frleqf.o(x$fpl$frleqf) for __aeabi_cfrcmple
    main.o(.text) refers to esp8266.o(.data) for ESP8266_Init_Success
    main.o(.text) refers to main.o(.bss) for DHT11_Data
    main.o(.text) refers to main.o(.data) for air_quality
    stm32f10x_it.o(.text) refers to delay.o(.text) for TimingDelay_Decrement
    system_stm32f10x.o(.text) refers to system_stm32f10x.o(.data) for SystemCoreClock
    bsp_dht11.o(.text) refers to stm32f10x_gpio.o(.text) for GPIO_Init
    bsp_dht11.o(.text) refers to stm32f10x_rcc.o(.text) for RCC_APB2PeriphClockCmd
    bsp_dht11.o(.text) refers to delay.o(.text) for delay_ms
    bsp_dht11.o(.text) refers to fflt_clz.o(x$fpl$ffltu) for __aeabi_ui2f
    bsp_dht11.o(.text) refers to fdiv.o(x$fpl$fdiv) for __aeabi_fdiv
    adc.o(.text) refers to stm32f10x_rcc.o(.text) for RCC_APB2PeriphClockCmd
    adc.o(.text) refers to stm32f10x_gpio.o(.text) for GPIO_Init
    adc.o(.text) refers to stm32f10x_adc.o(.text) for ADC_Init
    adc.o(.text) refers to fflt_clz.o(x$fpl$ffltu) for __aeabi_ui2f
    adc.o(.text) refers to fdiv.o(x$fpl$fdiv) for __aeabi_fdiv
    adc.o(.text) refers to fmul.o(x$fpl$fmul) for __aeabi_fmul
    mq135.o(.text) refers to stm32f10x_rcc.o(.text) for RCC_APB2PeriphClockCmd
    mq135.o(.text) refers to stm32f10x_gpio.o(.text) for GPIO_Init
    mq135.o(.text) refers to stm32f10x_adc.o(.text) for ADC_Init
    mq135.o(.text) refers to delay.o(.text) for delay_ms
    mq135.o(.text) refers to adc.o(.text) for ADC_ReadAvg
    mq135.o(.text) refers to fflt_clz.o(x$fpl$ffltu) for __aeabi_ui2f
    mq135.o(.text) refers to fdiv.o(x$fpl$fdiv) for __aeabi_fdiv
    mq135.o(.text) refers to fmul.o(x$fpl$fmul) for __aeabi_fmul
    mq135.o(.text) refers to faddsub_clz.o(x$fpl$fsub) for __aeabi_fsub
    mq135.o(.text) refers to faddsub_clz.o(x$fpl$fadd) for __aeabi_fadd
    mq135.o(.text) refers to fleqf.o(x$fpl$fleqf) for __aeabi_cfcmple
    mq135.o(.text) refers to frleqf.o(x$fpl$frleqf) for __aeabi_cfrcmple
    mq135.o(.text) refers to mq135.o(.data) for MQ135_RO_CLEAN_AIR
    buzzer.o(.text) refers to stm32f10x_rcc.o(.text) for RCC_APB2PeriphClockCmd
    buzzer.o(.text) refers to stm32f10x_gpio.o(.text) for GPIO_Init
    esp8266.o(.text) refers to _printf_percent.o(.ARM.Collect$$_printf_percent$$00000000) for _printf_percent
    esp8266.o(.text) refers to _printf_d.o(.ARM.Collect$$_printf_percent$$00000009) for _printf_d
    esp8266.o(.text) refers to _printf_u.o(.ARM.Collect$$_printf_percent$$0000000A) for _printf_u
    esp8266.o(.text) refers to _printf_f.o(.ARM.Collect$$_printf_percent$$00000003) for _printf_f
    esp8266.o(.text) refers to _printf_dec.o(.text) for _printf_int_dec
    esp8266.o(.text) refers to printf1.o(x$fpl$printf1) for _printf_fp_dec
    esp8266.o(.text) refers to strstr.o(.text) for strstr
    esp8266.o(.text) refers to delay.o(.text) for delay_ms
    esp8266.o(.text) refers to serial.o(.text) for Serial_Init
    esp8266.o(.text) refers to rt_memclr.o(.text) for __aeabi_memclr
    esp8266.o(.text) refers to oled.o(.text) for OLED_Clear
    esp8266.o(.text) refers to serial.o(.bss) for USART2_RX_BUF
    esp8266.o(.text) refers to serial.o(.data) for USART2_RX_LEN
    esp8266.o(.text) refers to esp8266.o(.data) for ESP8266_Init_Success
    esp8266.o(.text) refers to esp8266.o(.conststring) for .conststring
    esp8266.o(.text) refers to f2d.o(x$fpl$f2d) for __aeabi_f2d
    esp8266.o(.text) refers to __2snprintf.o(.text) for __2snprintf
    esp8266.o(.text) refers to strlen.o(.text) for strlen
    ldr.o(.text) refers to adc.o(.text) for ADC_myInit
    flame.o(.text) refers to stm32f10x_rcc.o(.text) for RCC_APB2PeriphClockCmd
    flame.o(.text) refers to stm32f10x_gpio.o(.text) for GPIO_Init
    serial.o(.text) refers to stm32f10x_rcc.o(.text) for RCC_APB2PeriphClockCmd
    serial.o(.text) refers to stm32f10x_gpio.o(.text) for GPIO_Init
    serial.o(.text) refers to stm32f10x_usart.o(.text) for USART_Init
    serial.o(.text) refers to misc.o(.text) for NVIC_PriorityGroupConfig
[...]
    __rt_lib_init_lc_common                  0x080001f3   Thumb Code     0  libinit2.o(.ARM.Collect$$libinit$$0000000F)
    __rt_lib_init_preinit_1                  0x080001f3   Thumb Code     0  libinit2.o(.ARM.Collect$$libinit$$00000004)
    __rt_lib_init_rand_1                     0x080001f3   Thumb Code     0  libinit2.o(.ARM.Collect$$libinit$$0000000E)
    __rt_lib_init_user_alloc_1               0x080001f3   Thumb Code     0  libinit2.o(.ARM.Collect$$libinit$$0000000C)
    __rt_lib_init_lc_collate_1               0x080001f9   Thumb Code     0  libinit2.o(.ARM.Collect$$libinit$$00000011)
    __rt_lib_init_lc_ctype_2                 0x080001f9   Thumb Code     0  libinit2.o(.ARM.Collect$$libinit$$00000012)
    __rt_lib_init_lc_ctype_1                 0x08000205   Thumb Code     0  libinit2.o(.ARM.Collect$$libinit$$00000013)
    __rt_lib_init_lc_monetary_1              0x08000205   Thumb Code     0  libinit2.o(.ARM.Collect$$libinit$$00000015)
    __rt_lib_init_lc_numeric_2               0x08000205   Thumb Code     0  libinit2.o(.ARM.Collect$$libinit$$00000016)
    __rt_lib_init_alloca_1                   0x0800020f   Thumb Code     0  libinit2.o(.ARM.Collect$$libinit$$0000002E)
    __rt_lib_init_argv_1                     0x0800020f   Thumb Code     0  libinit2.o(.ARM.Collect$$libinit$$0000002C)
    __rt_lib_init_atexit_1                   0x0800020f   Thumb Code     0  libinit2.o(.ARM.Collect$$libinit$$0000001B)
    __rt_lib_init_clock_1                    0x0800020f   Thumb Code     0  libinit2.o(.ARM.Collect$$libinit$$00000021)
    __rt_lib_init_cpp_1                      0x0800020f   Thumb Code     0  libinit2.o(.ARM.Collect$$libinit$$00000032)
    __rt_lib_init_exceptions_1               0x0800020f   Thumb Code     0  libinit2.o(.ARM.Collect$$libinit$$00000030)
    __rt_lib_init_fp_trap_1                  0x0800020f   Thumb Code     0  libinit2.o(.ARM.Collect$$libinit$$0000001F)
    __rt_lib_init_getenv_1                   0x0800020f   Thumb Code     0  libinit2.o(.ARM.Collect$$libinit$$00000023)
    __rt_lib_init_lc_numeric_1               0x0800020f   Thumb Code     0  libinit2.o(.ARM.Collect$$libinit$$00000017)
    __rt_lib_init_lc_time_1                  0x0800020f   Thumb Code     0  libinit2.o(.ARM.Collect$$libinit$$00000019)
    __rt_lib_init_return                     0x0800020f   Thumb Code     0  libinit2.o(.ARM.Collect$$libinit$$00000033)
    __rt_lib_init_signal_1                   0x0800020f   Thumb Code     0  libinit2.o(.ARM.Collect$$libinit$$0000001D)
    __rt_lib_init_stdio_1                    0x0800020f   Thumb Code     0  libinit2.o(.ARM.Collect$$libinit$$00000025)
    __rt_lib_shutdown                        0x08000211   Thumb Code     0  libshutdown.o(.ARM.Collect$$libshutdown$$00000000)
    __rt_lib_shutdown_cpp_1                  0x08000213   Thumb Code     0  libshutdown2.o(.ARM.Collect$$libshutdown$$00000002)
    __rt_lib_shutdown_fp_trap_1              0x08000213   Thumb Code     0  libshutdown2.o(.ARM.Collect$$libshutdown$$00000007)
    __rt_lib_shutdown_heap_1                 0x08000213   Thumb Code     0  libshutdown2.o(.ARM.Collect$$libshutdown$$0000000F)
    __rt_lib_shutdown_return                 0x08000213   Thumb Code     0  libshutdown2.o(.ARM.Collect$$libshutdown$$00000010)
    __rt_lib_shutdown_signal_1               0x08000213   Thumb Code     0  libshutdown2.o(.ARM.Collect$$libshutdown$$0000000A)
    __rt_lib_shutdown_stdio_1                0x08000213   Thumb Code     0  libshutdown2.o(.ARM.Collect$$libshutdown$$00000004)
    __rt_lib_shutdown_user_alloc_1           0x08000213   Thumb Code     0  libshutdown2.o(.ARM.Collect$$libshutdown$$0000000C)
    __rt_entry                               0x08000215   Thumb Code     0  __rtentry.o(.ARM.Collect$$rtentry$$00000000)
    __rt_entry_presh_1                       0x08000215   Thumb Code     0  __rtentry2.o(.ARM.Collect$$rtentry$$00000002)
    __rt_entry_sh                            0x08000215   Thumb Code     0  __rtentry4.o(.ARM.Collect$$rtentry$$00000004)
    __rt_entry_li                            0x0800021b   Thumb Code     0  __rtentry2.o(.ARM.Collect$$rtentry$$0000000A)
    __rt_entry_postsh_1                      0x0800021b   Thumb Code     0  __rtentry2.o(.ARM.Collect$$rtentry$$00000009)
    __rt_entry_main                          0x0800021f   Thumb Code     0  __rtentry2.o(.ARM.Collect$$rtentry$$0000000D)
    __rt_entry_postli_1                      0x0800021f   Thumb Code     0  __rtentry2.o(.ARM.Collect$$rtentry$$0000000C)
    __rt_exit                                0x08000227   Thumb Code     0  rtexit.o(.ARM.Collect$$rtexit$$00000000)
    __rt_exit_ls                             0x08000229   Thumb Code     0  rtexit2.o(.ARM.Collect$$rtexit$$00000003)
    __rt_exit_prels_1                        0x08000229   Thumb Code     0  rtexit2.o(.ARM.Collect$$rtexit$$00000002)
    __rt_exit_exit                           0x0800022d   Thumb Code     0  rtexit2.o(.ARM.Collect$$rtexit$$00000004)
    main                                     0x08000235   Thumb Code   574  main.o(.text)
    NMI_Handler                              0x080004f5   Thumb Code     2  stm32f10x_it.o(.text)
    HardFault_Handler                        0x080004f7   Thumb Code     4  stm32f10x_it.o(.text)
    MemManage_Handler                        0x080004fb   Thumb Code     4  stm32f10x_it.o(.text)
    BusFault_Handler                         0x080004ff   Thumb Code     4  stm32f10x_it.o(.text)
    UsageFault_Handler                       0x08000503   Thumb Code     4  stm32f10x_it.o(.text)
    SVC_Handler                              0x08000507   Thumb Code     2  stm32f10x_it.o(.text)
    DebugMon_Handler                         0x08000509   Thumb Code     2  stm32f10x_it.o(.text)
    PendSV_Handler                           0x0800050b   Thumb Code     2  stm32f10x_it.o(.text)
    SysTick_Handler                          0x0800050d   Thumb Code     8  stm32f10x_it.o(.text)
    SystemInit                               0x080005f3   Thumb Code    78  system_stm32f10x.o(.text)
    SystemCoreClockUpdate                    0x08000641   Thumb Code   142  system_stm32f10x.o(.text)
    delay_us                                 0x080006f5   Thumb Code    64  bsp_dht11.o(.text)
    DHT11_Init                               0x08000757   Thumb Code    24  bsp_dht11.o(.text)
    DHT11_Read_TempAndHumidity               0x080007eb   Thumb Code   230  bsp_dht11.o(.text)
    ADC_myInit                               0x080008d9   Thumb Code   126  adc.o(.text)
    ADC_ReadRaw                              0x08000957   Thumb Code    46  adc.o(.text)
    ADC_ReadVoltage                          0x08000985   Thumb Code    38  adc.o(.text)
    ADC_ReadAvg                              0x080009ab   Thumb Code    40  adc.o(.text)
    ADC_ReadVoltageAvg                       0x080009d3   Thumb Code    42  adc.o(.text)
    MQ135_Init                               0x08000a0d   Thumb Code   116  mq135.o(.text)
    MQ135_Read_ADC_Raw                       0x08000a81   Thumb Code    42  mq135.o(.text)
    MQ135_Read_Voltage                       0x08000aab   Thumb Code    32  mq135.o(.text)
    MQ135_Read_Rs                            0x08000acb   Thumb Code    34  mq135.o(.text)
    MQ135_Read_DO_State                      0x08000aed   Thumb Code    12  mq135.o(.text)
    MQ135_Calibrate_R0                       0x08000af9   Thumb Code    56  mq135.o(.text)
    MQ135_Get_Air_Quality                    0x08000b31   Thumb Code    68  mq135.o(.text)
    Beep_Stop                                0x08000bb7   Thumb Code    12  buzzer.o(.text)
    Beep_Init                                0x08000bc3   Thumb Code    12  buzzer.o(.text)
    Beep_Start                               0x08000bcf   Thumb Code    12  buzzer.o(.text)
    ESP_WaitResp                             0x08000be1   Thumb Code    40  esp8266.o(.text)
    ESP8266_Init                             0x08000c09   Thumb Code   496  esp8266.o(.text)
    MQTT_Init                                0x08000df9   Thumb Code  1244  esp8266.o(.text)
    MQTT_Publish_Data                        0x080012d5   Thumb Code   270  esp8266.o(.text)
    MQTT_Get_Data                            0x080013e3   Thumb Code   160  esp8266.o(.text)
    LDR_Init                                 0x08001531   Thumb Code     8  ldr.o(.text)
    LDR_Read                                 0x08001539   Thumb Code    12  ldr.o(.text)
    LDR_ReadVoltage                          0x08001545   Thumb Code    12  ldr.o(.text)
    LDR_ReadLight                            0x08001551   Thumb Code    30  ldr.o(.text)
    Flame_Init                               0x08001571   Thumb Code    32  flame.o(.text)
    Flame_IsDetected                         0x08001591   Thumb Code    20  flame.o(.text)
    Serial_Init                              0x080015a9   Thumb Code   346  serial.o(.text)
    Serial_SendByte                          0x08001703   Thumb Code    62  serial.o(.text)
    Serial_SendArray                         0x08001741   Thumb Code    34  serial.o(.text)
    Serial_SendString                        0x08001763   Thumb Code    30  serial.o(.text)
    Serial_Pow                               0x08001781   Thumb Code    20  serial.o(.text)
    Serial_SendNumber                        0x08001795   Thumb Code    62  serial.o(.text)
    Serial_Printf                            0x080017d3   Thumb Code    42  serial.o(.text)
    USART1_IRQHandler                        0x080017fd   Thumb Code    78  serial.o(.text)
    USART2_IRQHandler                        0x0800184b   Thumb Code    78  serial.o(.text)
    OLED_W_SCL                               0x080018bd   Thumb Code    18  oled.o(.text)
    OLED_W_SDA                               0x080018cf   Thumb Code    18  oled.o(.text)
    OLED_GPIO_Init                           0x080018e1   Thumb Code    92  oled.o(.text)
    OLED_I2C_Start                           0x0800193d   Thumb Code    28  oled.o(.text)
    OLED_I2C_Stop                            0x08001959   Thumb Code    22  oled.o(.text)
    OLED_I2C_SendByte                        0x0800196f   Thumb Code    62  oled.o(.text)
    OLED_WriteCommand                        0x080019ad   Thumb Code    32  oled.o(.text)
    OLED_WriteData                           0x080019cd   Thumb Code    46  oled.o(.text)
    OLED_SetCursor                           0x080019fb   Thumb Code    34  oled.o(.text)
    OLED_Update                              0x08001a1d   Thumb Code    36  oled.o(.text)
    OLED_Clear                               0x08001a41   Thumb Code    36  oled.o(.text)
    OLED_Init                                0x08001a65   Thumb Code   154  oled.o(.text)
    OLED_Sleep                               0x08001aff   Thumb Code    10  oled.o(.text)
    OLED_Pow                                 0x08001b09   Thumb Code    20  oled.o(.text)
    OLED_pnpoly                              0x08001b1d   Thumb Code   140  oled.o(.text)
    OLED_IsInAngle                           0x08001ba9   Thumb Code   110  oled.o(.text)
    OLED_UpdateArea                          0x08001c17   Thumb Code   120  oled.o(.text)
    OLED_ClearArea                           0x08001c8f   Thumb Code   162  oled.o(.text)
    OLED_Reverse                             0x08001d31   Thumb Code    46  oled.o(.text)
    OLED_ReverseArea                         0x08001d5f   Thumb Code   140  oled.o(.text)
    OLED_ShowImage                           0x08001deb   Thumb Code   248  oled.o(.text)
    OLED_ShowChar                            0x08001ee3   Thumb Code   108  oled.o(.text)
    OLED_ShowString                          0x08001f4f   Thumb Code    46  oled.o(.text)
    OLED_ShowNum                             0x08001f7d   Thumb Code    76  oled.o(.text)
    OLED_ShowSignedNum                       0x08001fc9   Thumb Code   112  oled.o(.text)
    OLED_ShowHexNum                          0x08002039   Thumb Code    96  oled.o(.text)
    OLED_ShowBinNum                          0x08002099   Thumb Code    70  oled.o(.text)
    OLED_ShowFloatNum                        0x080020df   Thumb Code   230  oled.o(.text)
    OLED_ShowChinese_16X16                   0x080021c5   Thumb Code   148  oled.o(.text)
    OLED_ShowChinese_12X12                   0x08002259   Thumb Code   152  oled.o(.text)
    OLED_Printf                              0x080022f1   Thumb Code    50  oled.o(.text)
    RGB_SetColor                             0x0800244d   Thumb Code    46  bsp_rgb.o(.text)
    RGB_Off                                  0x0800247b   Thumb Code    14  bsp_rgb.o(.text)
    RGB_Init                                 0x08002489   Thumb Code    16  bsp_rgb.o(.text)
    RGB_IsOn                                 0x08002499   Thumb Code    32  bsp_rgb.o(.text)
    RGB_Red                                  0x080024b9   Thumb Code    14  bsp_rgb.o(.text)
    RGB_Green                                0x080024c7   Thumb Code    14  bsp_rgb.o(.text)
    RGB_Blue                                 0x080024d5   Thumb Code    14  bsp_rgb.o(.text)
    RGB_White                                0x080024e3   Thumb Code    14  bsp_rgb.o(.text)
    RGB_Rainbow_Task                         0x080024f1   Thumb Code   132  bsp_rgb.o(.text)
    delay_init                               0x08002595   Thumb Code    84  delay.o(.text)
    delay_ms                                 0x080025e9   Thumb Code    20  delay.o(.text)
    TimingDelay_Decrement                    0x080025fd   Thumb Code    18  delay.o(.text)
    Reset_Handler                            0x08002621   Thumb Code     8  startup_stm32f10x_md.o(.text)
    ADC1_2_IRQHandler                        0x0800263b   Thumb Code     0  startup_stm32f10x_md.o(.text)
    CAN1_RX1_IRQHandler                      0x0800263b   Thumb Code     0  startup_stm32f10x_md.o(.text)
    CAN1_SCE_IRQHandler                      0x0800263b   Thumb Code     0  startup_stm32f10x_md.o(.text)
    DMA1_Channel1_IRQHandler                 0x0800263b   Thumb Code     0  startup_stm32f10x_md.o(.text)
    DMA1_Channel2_IRQHandler                 0x0800263b   Thumb Code     0  startup_stm32f10x_md.o(.text)
    DMA1_Channel3_IRQHandler                 0x0800263b   Thumb Code     0  startup_stm32f10x_md.o(.text)
    DMA1_Channel4_IRQHandler                 0x0800263b   Thumb Code     0  startup_stm32f10x_md.o(.text)
    DMA1_Channel5_IRQHandler                 0x0800263b   Thumb Code     0  startup_stm32f10x_md.o(.text)
    DMA1_Channel6_IRQHandler                 0x0800263b   Thumb Code     0  startup_stm32f10x_md.o(.text)
    DMA1_Channel7_IRQHandler                 0x0800263b   Thumb Code     0  startup_stm32f10x_md.o(.text)
    EXTI0_IRQHandler                         0x0800263b   Thumb Code     0  startup_stm32f10x_md.o(.text)
    EXTI15_10_IRQHandler                     0x0800263b   Thumb Code     0  startup_stm32f10x_md.o(.text)
    EXTI1_IRQHandler                         0x0800263b   Thumb Code     0  startup_stm32f10x_md.o(.text)
    EXTI2_IRQHandler                         0x0800263b   Thumb Code     0  startup_stm32f10x_md.o(.text)
    EXTI3_IRQHandler                         0x0800263b   Thumb Code     0  startup_stm32f10x_md.o(.text)
    EXTI4_IRQHandler                         0x0800263b   Thumb Code     0  startup_stm32f10x_md.o(.text)
    EXTI9_5_IRQHandler                       0x0800263b   Thumb Code     0  startup_stm32f10x_md.o(.text)
    FLASH_IRQHandler                         0x0800263b   Thumb Code     0  startup_stm32f10x_md.o(.text)
    I2C1_ER_IRQHandler                       0x0800263b   Thumb Code     0  startup_stm32f10x_md.o(.text)
    I2C1_EV_IRQHandler                       0x0800263b   Thumb Code     0  startup_stm32f10x_md.o(.text)
    I2C2_ER_IRQHandler                       0x0800263b   Thumb Code     0  startup_stm32f10x_md.o(.text)
    I2C2_EV_IRQHandler                       0x0800263b   Thumb Code     0  startup_stm32f10x_md.o(.text)
    PVD_IRQHandler                           0x0800263b   Thumb Code     0  startup_stm32f10x_md.o(.text)
    RCC_IRQHandler                           0x0800263b   Thumb Code     0  startup_stm32f10x_md.o(.text)
    RTCAlarm_IRQHandler                      0x0800263b   Thumb Code     0  startup_stm32f10x_md.o(.text)
    RTC_IRQHandler                           0x0800263b   Thumb Code     0  startup_stm32f10x_md.o(.text)
    SPI1_IRQHandler                          0x0800263b   Thumb Code     0  startup_stm32f10x_md.o(.text)
    SPI2_IRQHandler                          0x0800263b   Thumb Code     0  startup_stm32f10x_md.o(.text)
    TAMPER_IRQHandler                        0x0800263b   Thumb Code     0  startup_stm32f10x_md.o(.text)
    TIM1_BRK_IRQHandler                      0x0800263b   Thumb Code     0  startup_stm32f10x_md.o(.text)
    TIM1_CC_IRQHandler                       0x0800263b   Thumb Code     0  startup_stm32f10x_md.o(.text)
    TIM1_TRG_COM_IRQHandler                  0x0800263b   Thumb Code     0  startup_stm32f10x_md.o(.text)
    TIM1_UP_IRQHandler                       0x0800263b   Thumb Code     0  startup_stm32f10x_md.o(.text)
    TIM2_IRQHandler                          0x0800263b   Thumb Code     0  startup_stm32f10x_md.o(.text)
    TIM3_IRQHandler                          0x0800263b   Thumb Code     0  startup_stm32f10x_md.o(.text)
    TIM4_IRQHandler                          0x0800263b   Thumb Code     0  startup_stm32f10x_md.o(.text)
    USART3_IRQHandler                        0x0800263b   Thumb Code     0  startup_stm32f10x_md.o(.text)
    USBWakeUp_IRQHandler                     0x0800263b   Thumb Code     0  startup_stm32f10x_md.o(.text)
    USB_HP_CAN1_TX_IRQHandler                0x0800263b   Thumb Code     0  startup_stm32f10x_md.o(.text)
    USB_LP_CAN1_RX0_IRQHandler               0x0800263b   Thumb Code     0  startup_stm32f10x_md.o(.text)
    WWDG_IRQHandler                          0x0800263b   Thumb Code     0  startup_stm32f10x_md.o(.text)
    __user_initial_stackheap                 0x0800263d   Thumb Code     0  startup_stm32f10x_md.o(.text)
    GPIO_DeInit                              0x08002661   Thumb Code   172  stm32f10x_gpio.o(.text)
    GPIO_AFIODeInit                          0x0800270d   Thumb Code    20  stm32f10x_gpio.o(.text)
    GPIO_Init                                0x08002721   Thumb Code   278  stm32f10x_gpio.o(.text)
    GPIO_StructInit                          0x08002837   Thumb Code    16  stm32f10x_gpio.o(.text)
    GPIO_ReadInputDataBit                    0x08002847   Thumb Code    18  stm32f10x_gpio.o(.text)
    GPIO_ReadInputData                       0x08002859   Thumb Code     8  stm32f10x_gpio.o(.text)
    GPIO_ReadOutputDataBit                   0x08002861   Thumb Code    18  stm32f10x_gpio.o(.text)
    GPIO_ReadOutputData                      0x08002873   Thumb Code     8  stm32f10x_gpio.o(.text)
    GPIO_SetBits                             0x0800287b   Thumb Code     4  stm32f10x_gpio.o(.text)
    GPIO_ResetBits                           0x0800287f   Thumb Code     4  stm32f10x_gpio.o(.text)
    GPIO_WriteBit                            0x08002883   Thumb Code    10  stm32f10x_gpio.o(.text)
    GPIO_Write                               0x0800288d   Thumb Code     4  stm32f10x_gpio.o(.text)
    GPIO_PinLockConfig                       0x08002891   Thumb Code    18  stm32f10x_gpio.o(.text)
    GPIO_EventOutputConfig                   0x080028a3   Thumb Code    26  stm32f10x_gpio.o(.text)
    GPIO_EventOutputCmd                      0x080028bd   Thumb Code     6  stm32f10x_gpio.o(.text)
    GPIO_PinRemapConfig                      0x080028c3   Thumb Code   138  stm32f10x_gpio.o(.text)
    GPIO_EXTILineConfig                      0x0800294d   Thumb Code    66  stm32f10x_gpio.o(.text)
    GPIO_ETH_MediaInterfaceConfig            0x0800298f   Thumb Code     8  stm32f10x_gpio.o(.text)
    RCC_DeInit                               0x080029bd   Thumb Code    64  stm32f10x_rcc.o(.text)
    RCC_HSEConfig                            0x080029fd   Thumb Code    70  stm32f10x_rcc.o(.text)
    RCC_GetFlagStatus                        0x08002a43   Thumb Code    56  stm32f10x_rcc.o(.text)
    RCC_WaitForHSEStartUp                    0x08002a7b   Thumb Code    56  stm32f10x_rcc.o(.text)
    RCC_AdjustHSICalibrationValue            0x08002ab3   Thumb Code    20  stm32f10x_rcc.o(.text)
    RCC_HSICmd                               0x08002ac7   Thumb Code     6  stm32f10x_rcc.o(.text)
    RCC_PLLConfig                            0x08002acd   Thumb Code    24  stm32f10x_rcc.o(.text)
    RCC_PLLCmd                               0x08002ae5   Thumb Code     6  stm32f10x_rcc.o(.text)
    RCC_SYSCLKConfig                         0x08002aeb   Thumb Code    18  stm32f10x_rcc.o(.text)
    RCC_GetSYSCLKSource                      0x08002afd   Thumb Code    10  stm32f10x_rcc.o(.text)
    RCC_HCLKConfig                           0x08002b07   Thumb Code    18  stm32f10x_rcc.o(.text)
    RCC_PCLK1Config                          0x08002b19   Thumb Code    18  stm32f10x_rcc.o(.text)
    RCC_PCLK2Config                          0x08002b2b   Thumb Code    20  stm32f10x_rcc.o(.text)
    RCC_ITConfig                             0x08002b3f   Thumb Code    26  stm32f10x_rcc.o(.text)
    RCC_USBCLKConfig                         0x08002b59   Thumb Code     8  stm32f10x_rcc.o(.text)
    RCC_ADCCLKConfig                         0x08002b61   Thumb Code    18  stm32f10x_rcc.o(.text)
    RCC_LSEConfig                            0x08002b73   Thumb Code    50  stm32f10x_rcc.o(.text)
    RCC_LSICmd                               0x08002ba5   Thumb Code     6  stm32f10x_rcc.o(.text)
    RCC_RTCCLKConfig                         0x08002bab   Thumb Code    12  stm32f10x_rcc.o(.text)
    RCC_RTCCLKCmd                            0x08002bb7   Thumb Code     8  stm32f10x_rcc.o(.text)
    RCC_GetClocksFreq                        0x08002bbf   Thumb Code   192  stm32f10x_rcc.o(.text)
    RCC_AHBPeriphClockCmd                    0x08002c7f   Thumb Code    26  stm32f10x_rcc.o(.text)
    RCC_APB2PeriphClockCmd                   0x08002c99   Thumb Code    26  stm32f10x_rcc.o(.text)
    RCC_APB1PeriphClockCmd                   0x08002cb3   Thumb Code    26  stm32f10x_rcc.o(.text)
    RCC_APB2PeriphResetCmd                   0x08002ccd   Thumb Code    26  stm32f10x_rcc.o(.text)
    RCC_APB1PeriphResetCmd                   0x08002ce7   Thumb Code    26  stm32f10x_rcc.o(.text)
    RCC_BackupResetCmd                       0x08002d01   Thumb Code     8  stm32f10x_rcc.o(.text)
    RCC_ClockSecuritySystemCmd               0x08002d09   Thumb Code     6  stm32f10x_rcc.o(.text)
    RCC_MCOConfig                            0x08002d0f   Thumb Code     6  stm32f10x_rcc.o(.text)
    RCC_ClearFlag                            0x08002d15   Thumb Code    14  stm32f10x_rcc.o(.text)
    RCC_GetITStatus                          0x08002d23   Thumb Code    20  stm32f10x_rcc.o(.text)
    RCC_ClearITPendingBit                    0x08002d37   Thumb Code     6  stm32f10x_rcc.o(.text)
    USART_DeInit                             0x08002d61   Thumb Code   134  stm32f10x_usart.o(.text)
    USART_Init                               0x08002de7   Thumb Code   210  stm32f10x_usart.o(.text)
    USART_StructInit                         0x08002eb9   Thumb Code    24  stm32f10x_usart.o(.text)
    USART_ClockInit                          0x08002ed1   Thumb Code    34  stm32f10x_usart.o(.text)
    USART_ClockStructInit                    0x08002ef3   Thumb Code    12  stm32f10x_usart.o(.text)
    USART_Cmd                                0x08002eff   Thumb Code    24  stm32f10x_usart.o(.text)
    USART_ITConfig                           0x08002f17   Thumb Code    74  stm32f10x_usart.o(.text)
    USART_DMACmd                             0x08002f61   Thumb Code    18  stm32f10x_usart.o(.text)
    USART_SetAddress                         0x08002f73   Thumb Code    18  stm32f10x_usart.o(.text)
    USART_WakeUpConfig                       0x08002f85   Thumb Code    18  stm32f10x_usart.o(.text)
    USART_ReceiverWakeUpCmd                  0x08002f97   Thumb Code    24  stm32f10x_usart.o(.text)
    USART_LINBreakDetectLengthConfig         0x08002faf   Thumb Code    18  stm32f10x_usart.o(.text)
    USART_LINCmd                             0x08002fc1   Thumb Code    24  stm32f10x_usart.o(.text)
    USART_SendData                           0x08002fd9   Thumb Code     8  stm32f10x_usart.o(.text)
    USART_ReceiveData                        0x08002fe1   Thumb Code    10  stm32f10x_usart.o(.text)
    USART_SendBreak                          0x08002feb   Thumb Code    10  stm32f10x_usart.o(.text)
    USART_SetGuardTime                       0x08002ff5   Thumb Code    16  stm32f10x_usart.o(.text)
    USART_SetPrescaler                       0x08003005   Thumb Code    16  stm32f10x_usart.o(.text)
    USART_SmartCardCmd                       0x08003015   Thumb Code    24  stm32f10x_usart.o(.text)
    USART_SmartCardNACKCmd                   0x0800302d   Thumb Code    24  stm32f10x_usart.o(.text)
    USART_HalfDuplexCmd                      0x08003045   Thumb Code    24  stm32f10x_usart.o(.text)
    USART_OverSampling8Cmd                   0x0800305d   Thumb Code    22  stm32f10x_usart.o(.text)
    USART_OneBitMethodCmd                    0x08003073   Thumb Code    24  stm32f10x_usart.o(.text)
    USART_IrDAConfig                         0x0800308b   Thumb Code    18  stm32f10x_usart.o(.text)
    USART_IrDACmd                            0x0800309d   Thumb Code    24  stm32f10x_usart.o(.text)
    USART_GetFlagStatus                      0x080030b5   Thumb Code    26  stm32f10x_usart.o(.text)
    USART_ClearFlag                          0x080030cf   Thumb Code    18  stm32f10x_usart.o(.text)
    USART_GetITStatus                        0x080030e1   Thumb Code    84  stm32f10x_usart.o(.text)
    USART_ClearITPendingBit                  0x08003135   Thumb Code    52  stm32f10x_usart.o(.text)
    NVIC_PriorityGroupConfig                 0x08003169   Thumb Code    10  misc.o(.text)
    NVIC_Init                                0x08003173   Thumb Code   100  misc.o(.text)
    NVIC_SetVectorTable                      0x080031d7   Thumb Code    14  misc.o(.text)
    NVIC_SystemLPConfig                      0x080031e5   Thumb Code    34  misc.o(.text)
    SysTick_CLKSourceConfig                  0x08003207   Thumb Code    40  misc.o(.text)
    TIM_DeInit                               0x08003245   Thumb Code   424  stm32f10x_tim.o(.text)
    TIM_TimeBaseInit                         0x080033ed   Thumb Code   122  stm32f10x_tim.o(.text)
    TIM_OC1Init                              0x08003467   Thumb Code   132  stm32f10x_tim.o(.text)
    TIM_OC2Init                              0x080034eb   Thumb Code   154  stm32f10x_tim.o(.text)
    TIM_OC3Init                              0x08003585   Thumb Code   150  stm32f10x_tim.o(.text)
    TIM_OC4Init                              0x0800361b   Thumb Code   182  stm32f10x_tim.o(.text)
    TIM_SetIC4Prescaler                      0x080036d1   Thumb Code    26  stm32f10x_tim.o(.text)
    TIM_SetIC3Prescaler                      0x0800376d   Thumb Code    18  stm32f10x_tim.o(.text)
    TIM_SetIC2Prescaler                      0x080037f9   Thumb Code    26  stm32f10x_tim.o(.text)
    TIM_SetIC1Prescaler                      0x08003895   Thumb Code    18  stm32f10x_tim.o(.text)
    TIM_ICInit                               0x08003913   Thumb Code   150  stm32f10x_tim.o(.text)
    TIM_PWMIConfig                           0x080039a9   Thumb Code   124  stm32f10x_tim.o(.text)
    TIM_BDTRConfig                           0x08003a25   Thumb Code    32  stm32f10x_tim.o(.text)
    TIM_TimeBaseStructInit                   0x08003a45   Thumb Code    18  stm32f10x_tim.o(.text)
    TIM_OCStructInit                         0x08003a57   Thumb Code    20  stm32f10x_tim.o(.text)
    TIM_ICStructInit                         0x08003a6b   Thumb Code    18  stm32f10x_tim.o(.text)
    TIM_BDTRStructInit                       0x08003a7d   Thumb Code    40  stm32f10x_tim.o(.text)
    TIM_Cmd                                  0x08003aa5   Thumb Code    24  stm32f10x_tim.o(.text)
    TIM_CtrlPWMOutputs                       0x08003abd   Thumb Code    30  stm32f10x_tim.o(.text)
    TIM_ITConfig                             0x08003adb   Thumb Code    18  stm32f10x_tim.o(.text)
    TIM_GenerateEvent                        0x08003aed   Thumb Code     4  stm32f10x_tim.o(.text)
    TIM_DMAConfig                            0x08003af1   Thumb Code    10  stm32f10x_tim.o(.text)
    TIM_DMACmd                               0x08003afb   Thumb Code    18  stm32f10x_tim.o(.text)
    TIM_InternalClockConfig                  0x08003b0d   Thumb Code    12  stm32f10x_tim.o(.text)
    TIM_SelectInputTrigger                   0x08003b19   Thumb Code    18  stm32f10x_tim.o(.text)
    TIM_ITRxExternalClockConfig              0x08003b2b   Thumb Code    24  stm32f10x_tim.o(.text)
    TIM_TIxExternalClockConfig               0x08003b43   Thumb Code    62  stm32f10x_tim.o(.text)
    TIM_ETRConfig                            0x08003b81   Thumb Code    28  stm32f10x_tim.o(.text)
    TIM_ETRClockMode1Config                  0x08003b9d   Thumb Code    54  stm32f10x_tim.o(.text)
    TIM_ETRClockMode2Config                  0x08003bd3   Thumb Code    32  stm32f10x_tim.o(.text)
    TIM_PrescalerConfig                      0x08003bf3   Thumb Code     6  stm32f10x_tim.o(.text)
    TIM_CounterModeConfig                    0x08003bf9   Thumb Code    18  stm32f10x_tim.o(.text)
    TIM_EncoderInterfaceConfig               0x08003c0b   Thumb Code    66  stm32f10x_tim.o(.text)
    TIM_ForcedOC1Config                      0x08003c4d   Thumb Code    18  stm32f10x_tim.o(.text)
    TIM_ForcedOC2Config                      0x08003c5f   Thumb Code    26  stm32f10x_tim.o(.text)
    TIM_ForcedOC3Config                      0x08003c79   Thumb Code    18  stm32f10x_tim.o(.text)
    TIM_ForcedOC4Config                      0x08003c8b   Thumb Code    26  stm32f10x_tim.o(.text)
    TIM_ARRPreloadConfig                     0x08003ca5   Thumb Code    24  stm32f10x_tim.o(.text)
    TIM_SelectCOM                            0x08003cbd   Thumb Code    24  stm32f10x_tim.o(.text)
    TIM_SelectCCDMA                          0x08003cd5   Thumb Code    24  stm32f10x_tim.o(.text)
    TIM_CCPreloadControl                     0x08003ced   Thumb Code    24  stm32f10x_tim.o(.text)
    TIM_OC1PreloadConfig                     0x08003d05   Thumb Code    18  stm32f10x_tim.o(.text)
    TIM_OC2PreloadConfig                     0x08003d17   Thumb Code    26  stm32f10x_tim.o(.text)
    TIM_OC3PreloadConfig                     0x08003d31   Thumb Code    18  stm32f10x_tim.o(.text)
    TIM_OC4PreloadConfig                     0x08003d43   Thumb Code    26  stm32f10x_tim.o(.text)
    TIM_OC1FastConfig                        0x08003d5d   Thumb Code    18  stm32f10x_tim.o(.text)
    TIM_OC2FastConfig                        0x08003d6f   Thumb Code    26  stm32f10x_tim.o(.text)
    TIM_OC3FastConfig                        0x08003d89   Thumb Code    18  stm32f10x_tim.o(.text)
    TIM_OC4FastConfig                        0x08003d9b   Thumb Code    26  stm32f10x_tim.o(.text)
    TIM_ClearOC1Ref                          0x08003db5   Thumb Code    18  stm32f10x_tim.o(.text)
    TIM_ClearOC2Ref                          0x08003dc7   Thumb Code    24  stm32f10x_tim.o(.text)
    TIM_ClearOC3Ref                          0x08003ddf   Thumb Code    18  stm32f10x_tim.o(.text)
    TIM_ClearOC4Ref                          0x08003df1   Thumb Code    24  stm32f10x_tim.o(.text)
    TIM_OC1PolarityConfig                    0x08003e09   Thumb Code    18  stm32f10x_tim.o(.text)
    TIM_OC1NPolarityConfig                   0x08003e1b   Thumb Code    18  stm32f10x_tim.o(.text)
    TIM_OC2PolarityConfig                    0x08003e2d   Thumb Code    26  stm32f10x_tim.o(.text)
    TIM_OC2NPolarityConfig                   0x08003e47   Thumb Code    26  stm32f10x_tim.o(.text)
    TIM_OC3PolarityConfig                    0x08003e61   Thumb Code    26  stm32f10x_tim.o(.text)
    TIM_OC3NPolarityConfig                   0x08003e7b   Thumb Code    26  stm32f10x_tim.o(.text)
    TIM_OC4PolarityConfig                    0x08003e95   Thumb Code    26  stm32f10x_tim.o(.text)
    TIM_CCxCmd                               0x08003eaf   Thumb Code    30  stm32f10x_tim.o(.text)
    TIM_CCxNCmd                              0x08003ecd   Thumb Code    30  stm32f10x_tim.o(.text)
    TIM_SelectOCxM                           0x08003eeb   Thumb Code    82  stm32f10x_tim.o(.text)
    TIM_UpdateDisableConfig                  0x08003f3d   Thumb Code    24  stm32f10x_tim.o(.text)
    TIM_UpdateRequestConfig                  0x08003f55   Thumb Code    24  stm32f10x_tim.o(.text)
    TIM_SelectHallSensor                     0x08003f6d   Thumb Code    24  stm32f10x_tim.o(.text)
    TIM_SelectOnePulseMode                   0x08003f85   Thumb Code    18  stm32f10x_tim.o(.text)
    TIM_SelectOutputTrigger                  0x08003f97   Thumb Code    18  stm32f10x_tim.o(.text)
    TIM_SelectSlaveMode                      0x08003fa9   Thumb Code    18  stm32f10x_tim.o(.text)
    TIM_SelectMasterSlaveMode                0x08003fbb   Thumb Code    18  stm32f10x_tim.o(.text)
    TIM_SetCounter                           0x08003fcd   Thumb Code     4  stm32f10x_tim.o(.text)
    TIM_SetAutoreload                        0x08003fd1   Thumb Code     4  stm32f10x_tim.o(.text)
    TIM_SetCompare1                          0x08003fd5   Thumb Code     4  stm32f10x_tim.o(.text)
    TIM_SetCompare2                          0x08003fd9   Thumb Code     4  stm32f10x_tim.o(.text)
    TIM_SetCompare3                          0x08003fdd   Thumb Code     4  stm32f10x_tim.o(.text)
    TIM_SetCompare4                          0x08003fe1   Thumb Code     6  stm32f10x_tim.o(.text)
    TIM_SetClockDivision                     0x08003fe7   Thumb Code    18  stm32f10x_tim.o(.text)
    TIM_GetCapture1                          0x08003ff9   Thumb Code     6  stm32f10x_tim.o(.text)
    TIM_GetCapture2                          0x08003fff   Thumb Code     6  stm32f10x_tim.o(.text)
    TIM_GetCapture3                          0x08004005   Thumb Code     6  stm32f10x_tim.o(.text)
    TIM_GetCapture4                          0x0800400b   Thumb Code     8  stm32f10x_tim.o(.text)
    TIM_GetCounter                           0x08004013   Thumb Code     6  stm32f10x_tim.o(.text)
    TIM_GetPrescaler                         0x08004019   Thumb Code     6  stm32f10x_tim.o(.text)
    TIM_GetFlagStatus                        0x0800401f   Thumb Code    18  stm32f10x_tim.o(.text)
    TIM_ClearFlag                            0x08004031   Thumb Code     6  stm32f10x_tim.o(.text)
    TIM_GetITStatus                          0x08004037   Thumb Code    34  stm32f10x_tim.o(.text)
    TIM_ClearITPendingBit                    0x08004059   Thumb Code     6  stm32f10x_tim.o(.text)
    ADC_DeInit                               0x08004061   Thumb Code    78  stm32f10x_adc.o(.text)
    ADC_Init                                 0x080040af   Thumb Code    70  stm32f10x_adc.o(.text)
    ADC_StructInit                           0x080040f5   Thumb Code    18  stm32f10x_adc.o(.text)
    ADC_Cmd                                  0x08004107   Thumb Code    22  stm32f10x_adc.o(.text)
    ADC_DMACmd                               0x0800411d   Thumb Code    22  stm32f10x_adc.o(.text)
    ADC_ITConfig                             0x08004133   Thumb Code    24  stm32f10x_adc.o(.text)
    ADC_ResetCalibration                     0x0800414b   Thumb Code    10  stm32f10x_adc.o(.text)
    ADC_GetResetCalibrationStatus            0x08004155   Thumb Code    20  stm32f10x_adc.o(.text)
    ADC_StartCalibration                     0x08004169   Thumb Code    10  stm32f10x_adc.o(.text)
    ADC_GetCalibrationStatus                 0x08004173   Thumb Code    20  stm32f10x_adc.o(.text)
    ADC_SoftwareStartConvCmd                 0x08004187   Thumb Code    22  stm32f10x_adc.o(.text)
    ADC_GetSoftwareStartConvStatus           0x0800419d   Thumb Code    20  stm32f10x_adc.o(.text)
    ADC_DiscModeChannelCountConfig           0x080041b1   Thumb Code    24  stm32f10x_adc.o(.text)
    ADC_DiscModeCmd                          0x080041c9   Thumb Code    22  stm32f10x_adc.o(.text)
    ADC_RegularChannelConfig                 0x080041df   Thumb Code   184  stm32f10x_adc.o(.text)
    ADC_ExternalTrigConvCmd                  0x08004297   Thumb Code    22  stm32f10x_adc.o(.text)
    ADC_GetConversionValue                   0x080042ad   Thumb Code     8  stm32f10x_adc.o(.text)
    ADC_GetDualModeConversionValue           0x080042b5   Thumb Code     8  stm32f10x_adc.o(.text)
    ADC_AutoInjectedConvCmd                  0x080042bd   Thumb Code    22  stm32f10x_adc.o(.text)
    ADC_InjectedDiscModeCmd                  0x080042d3   Thumb Code    22  stm32f10x_adc.o(.text)
    ADC_ExternalTrigInjectedConvConfig       0x080042e9   Thumb Code    16  stm32f10x_adc.o(.text)
    ADC_ExternalTrigInjectedConvCmd          0x080042f9   Thumb Code    22  stm32f10x_adc.o(.text)
    ADC_SoftwareStartInjectedConvCmd         0x0800430f   Thumb Code    22  stm32f10x_adc.o(.text)
    ADC_GetSoftwareStartInjectedConvCmdStatus 0x08004325   Thumb Code    20  stm32f10x_adc.o(.text)
    ADC_InjectedChannelConfig                0x08004339   Thumb Code   130  stm32f10x_adc.o(.text)
    ADC_InjectedSequencerLengthConfig        0x080043bb   Thumb Code    24  stm32f10x_adc.o(.text)
    ADC_SetInjectedOffset                    0x080043d3   Thumb Code    20  stm32f10x_adc.o(.text)
    ADC_GetInjectedConversionValue           0x080043e7   Thumb Code    28  stm32f10x_adc.o(.text)
    ADC_AnalogWatchdogCmd                    0x08004403   Thumb Code    16  stm32f10x_adc.o(.text)
    ADC_AnalogWatchdogThresholdsConfig       0x08004413   Thumb Code     6  stm32f10x_adc.o(.text)
    ADC_AnalogWatchdogSingleChannelConfig    0x08004419   Thumb Code    16  stm32f10x_adc.o(.text)
    ADC_TempSensorVrefintCmd                 0x08004429   Thumb Code    64  stm32f10x_adc.o(.text)
    ADC_GetFlagStatus                        0x08004469   Thumb Code    18  stm32f10x_adc.o(.text)
    ADC_ClearFlag                            0x0800447b   Thumb Code     6  stm32f10x_adc.o(.text)
    ADC_GetITStatus                          0x08004481   Thumb Code    36  stm32f10x_adc.o(.text)
    ADC_ClearITPendingBit                    0x080044a5   Thumb Code    10  stm32f10x_adc.o(.text)
    vsprintf                                 0x080044b1   Thumb Code    32  vsprintf.o(.text)
    __2snprintf                              0x080044d5   Thumb Code    50  __2snprintf.o(.text)
    _printf_int_dec                          0x0800450d   Thumb Code   104  _printf_dec.o(.text)
    __printf                                 0x08004585   Thumb Code   388  __printf_flags_ss_wp.o(.text)
    strstr                                   0x0800470d   Thumb Code    36  strstr.o(.text)
    strlen                                   0x08004731   Thumb Code    62  strlen.o(.text)
    __aeabi_memclr                           0x0800476f   Thumb Code     0  rt_memclr.o(.text)
    __rt_memclr                              0x0800476f   Thumb Code    68  rt_memclr.o(.text)
    _memset                                  0x08004773   Thumb Code     0  rt_memclr.o(.text)
    strcmp                                   0x080047b5   Thumb Code   128  strcmpv7m.o(.text)
    __use_two_region_memory                  0x08004835   Thumb Code     2  heapauxi.o(.text)
    __rt_heap_escrow$2region                 0x08004837   Thumb Code     2  heapauxi.o(.text)
    __rt_heap_expand$2region                 0x08004839   Thumb Code     2  heapauxi.o(.text)
    _printf_pre_padding                      0x0800483b   Thumb Code    44  _printf_pad.o(.text)
    _printf_post_padding                     0x08004867   Thumb Code    34  _printf_pad.o(.text)
    _printf_truncate_signed                  0x08004889   Thumb Code    18  _printf_truncate.o(.text)
    _printf_truncate_unsigned                0x0800489b   Thumb Code    18  _printf_truncate.o(.text)
    _printf_str                              0x080048ad   Thumb Code    82  _printf_str.o(.text)
    _printf_int_common                       0x080048ff   Thumb Code   178  _printf_intcommon.o(.text)
    _printf_charcount                        0x080049b1   Thumb Code    40  _printf_charcount.o(.text)
    __lib_sel_fp_printf                      0x080049d9   Thumb Code     2  _printf_fp_dec.o(.text)
    _printf_fp_dec_real                      0x08004b8b   Thumb Code   620  _printf_fp_dec.o(.text)
    _printf_char_common                      0x08004e03   Thumb Code    32  _printf_char_common.o(.text)
    _sputc                                   0x08004e29   Thumb Code    10  _sputc.o(.text)
    _snputc                                  0x08004e33   Thumb Code    16  _snputc.o(.text)
    _printf_wctomb                           0x08004e45   Thumb Code   182  _printf_wctomb.o(.text)
    _printf_longlong_dec                     0x08004f01   Thumb Code   108  _printf_longlong_dec.o(.text)
    _printf_longlong_oct                     0x08004f7d   Thumb Code    66  _printf_oct_int_ll.o(.text)
    _printf_int_oct                          0x08004fbf   Thumb Code    24  _printf_oct_int_ll.o(.text)
    _printf_ll_oct                           0x08004fd7   Thumb Code    12  _printf_oct_int_ll.o(.text)
    _printf_longlong_hex                     0x08004fed   Thumb Code    86  _printf_hex_int_ll_ptr.o(.text)
    _printf_int_hex                          0x08005043   Thumb Code    28  _printf_hex_int_ll_ptr.o(.text)
    _printf_ll_hex                           0x0800505f   Thumb Code    12  _printf_hex_int_ll_ptr.o(.text)
    _printf_hex_ptr                          0x0800506b   Thumb Code    18  _printf_hex_int_ll_ptr.o(.text)
    __aeabi_memclr4                          0x08005081   Thumb Code     0  rt_memclr_w.o(.text)
    __aeabi_memclr8                          0x08005081   Thumb Code     0  rt_memclr_w.o(.text)
    __rt_memclr_w                            0x08005081   Thumb Code    78  rt_memclr_w.o(.text)
    _memset_w                                0x08005085   Thumb Code     0  rt_memclr_w.o(.text)
    __rt_locale                              0x080050d1   Thumb Code     8  rt_locale_intlibspace.o(.text)
    _ll_udiv10                               0x080050d9   Thumb Code   138  lludiv10.o(.text)
    _printf_fp_hex_real                      0x08005165   Thumb Code   756  _printf_fp_hex.o(.text)
    _printf_fp_infnan                        0x08005461   Thumb Code   112  _printf_fp_infnan.o(.text)
    _printf_cs_common                        0x080054e1   Thumb Code    20  _printf_char.o(.text)
    _printf_char                             0x080054f5   Thumb Code    16  _printf_char.o(.text)
    _printf_string                           0x08005505   Thumb Code     8  _printf_char.o(.text)
    _printf_lcs_common                       0x0800550d   Thumb Code    20  _printf_wchar.o(.text)
    _printf_wchar                            0x08005521   Thumb Code    16  _printf_wchar.o(.text)
    _printf_wstring                          0x08005531   Thumb Code     8  _printf_wchar.o(.text)
    _btod_etento                             0x08005539   Thumb Code   224  bigflt0.o(.text)
    _wcrtomb                                 0x0800561d   Thumb Code    64  _wcrtomb.o(.text)
    __user_libspace                          0x0800565d   Thumb Code     8  libspace.o(.text)
    __user_perproc_libspace                  0x0800565d   Thumb Code     0  libspace.o(.text)
    __user_perthread_libspace                0x0800565d   Thumb Code     0  libspace.o(.text)
    __user_setup_stackheap                   0x08005665   Thumb Code    74  sys_stackheap_outer.o(.text)
    __rt_ctype_table                         0x080056b1   Thumb Code    16  rt_ctype_table.o(.text)
    exit                                     0x080056c1   Thumb Code    18  exit.o(.text)
    _sys_exit                                0x080056d5   Thumb Code     8  sys_exit.o(.text)
    __I$use$semihosting                      0x080056e1   Thumb Code     0  use_no_semi.o(.text)
    __use_no_semihosting_swi                 0x080056e1   Thumb Code     2  use_no_semi.o(.text)
    __semihosting_library_function           0x080056e3   Thumb Code     0  indicate_semi.o(.text)
    _btod_d2e                                0x080056e3   Thumb Code    62  btod.o(CL$$btod_d2e)
    _d2e_denorm_low                          0x08005721   Thumb Code    70  btod.o(CL$$btod_d2e_denorm_low)
    _d2e_norm_op1                            0x08005767   Thumb Code    96  btod.o(CL$$btod_d2e_norm_op1)
    __btod_div_common                        0x080057c7   Thumb Code   696  btod.o(CL$$btod_div_common)
    _e2e                                     0x08005aff   Thumb Code   220  btod.o(CL$$btod_e2e)
    _btod_ediv                               0x08005bdb   Thumb Code    42  btod.o(CL$$btod_ediv)
    _btod_emul                               0x08005c05   Thumb Code    42  btod.o(CL$$btod_emul)
    __btod_mult_common                       0x08005c2f   Thumb Code   580  btod.o(CL$$btod_mult_common)
    __ARM_fpclassify                         0x08005e73   Thumb Code    40  fpclassify.o(i.__ARM_fpclassify)
    __kernel_poly                            0x08005e9b   Thumb Code   170  poly.o(i.__kernel_poly)
    __mathlib_dbl_infnan                     0x08005f45   Thumb Code     6  dunder.o(i.__mathlib_dbl_infnan)
    __mathlib_dbl_infnan2                    0x08005f4b   Thumb Code     4  dunder.o(i.__mathlib_dbl_infnan2)
    __mathlib_dbl_underflow                  0x08005f51   Thumb Code    10  dunder.o(i.__mathlib_dbl_underflow)
    _is_digit                                0x08005f61   Thumb Code    14  __printf_wp.o(i._is_digit)
    atan                                     0x08005f71   Thumb Code   474  atan.o(i.atan)
    atan2                                    0x08006191   Thumb Code   346  atan2.o(i.atan2)
    round                                    0x08006311   Thumb Code   136  round.o(i.round)
    _get_lc_numeric                          0x080063a5   Thumb Code    44  lc_numeric_c.o(locale$$code)
    _get_lc_ctype                            0x080063d1   Thumb Code    44  lc_ctype_c.o(locale$$code)
    __aeabi_dadd                             0x080063fd   Thumb Code     0  daddsub_clz.o(x$fpl$dadd)
    _dadd                                    0x080063fd   Thumb Code   332  daddsub_clz.o(x$fpl$dadd)
    __fpl_dcheck_NaN1                        0x0800654d   Thumb Code    10  dcheck1.o(x$fpl$dcheck1)
    __fpl_dcmp_Inf                           0x0800655d   Thumb Code    24  dcmpi.o(x$fpl$dcmpinf)
    __aeabi_ddiv                             0x08006575   Thumb Code     0  ddiv.o(x$fpl$ddiv)
    _ddiv                                    0x08006575   Thumb Code   552  ddiv.o(x$fpl$ddiv)
    __aeabi_d2iz                             0x08006825   Thumb Code     0  dfix.o(x$fpl$dfix)
    _dfix                                    0x08006825   Thumb Code    94  dfix.o(x$fpl$dfix)
    __aeabi_d2uiz                            0x08006885   Thumb Code     0  dfixu.o(x$fpl$dfixu)
    _dfixu                                   0x08006885   Thumb Code    90  dfixu.o(x$fpl$dfixu)
    __aeabi_i2d                              0x080068df   Thumb Code     0  dflt_clz.o(x$fpl$dflt)
    _dflt                                    0x080068df   Thumb Code    46  dflt_clz.o(x$fpl$dflt)
    __aeabi_ui2d                             0x0800690d   Thumb Code     0  dflt_clz.o(x$fpl$dfltu)
    _dfltu                                   0x0800690d   Thumb Code    38  dflt_clz.o(x$fpl$dfltu)
    __aeabi_cdcmple                          0x08006935   Thumb Code     0  dleqf.o(x$fpl$dleqf)
    _dcmple                                  0x08006935   Thumb Code   120  dleqf.o(x$fpl$dleqf)
    __fpl_dcmple_InfNaN                      0x08006997   Thumb Code     0  dleqf.o(x$fpl$dleqf)
    __aeabi_dmul                             0x080069ad   Thumb Code     0  dmul.o(x$fpl$dmul)
    _dmul                                    0x080069ad   Thumb Code   332  dmul.o(x$fpl$dmul)
    __fpl_dnaninf                            0x08006b01   Thumb Code   156  dnaninf.o(x$fpl$dnaninf)
    __fpl_dretinf                            0x08006b9d   Thumb Code    12  dretinf.o(x$fpl$dretinf)
    __aeabi_cdrcmple                         0x08006ba9   Thumb Code     0  drleqf.o(x$fpl$drleqf)
    _drcmple                                 0x08006ba9   Thumb Code   108  drleqf.o(x$fpl$drleqf)
    _drnd                                    0x08006c15   Thumb Code   180  drnd.o(x$fpl$drnd)
    __aeabi_drsub                            0x08006cc9   Thumb Code     0  daddsub_clz.o(x$fpl$drsb)
    _drsb                                    0x08006cc9   Thumb Code    22  daddsub_clz.o(x$fpl$drsb)
    __aeabi_dsub                             0x08006ce1   Thumb Code     0  daddsub_clz.o(x$fpl$dsub)
    _dsub                                    0x08006ce1   Thumb Code   464  daddsub_clz.o(x$fpl$dsub)
    __aeabi_f2d                              0x08006eb5   Thumb Code     0  f2d.o(x$fpl$f2d)
    _f2d                                     0x08006eb5   Thumb Code    86  f2d.o(x$fpl$f2d)
    __aeabi_fadd                             0x08006f0d   Thumb Code     0  faddsub_clz.o(x$fpl$fadd)
    _fadd                                    0x08006f0d   Thumb Code   196  faddsub_clz.o(x$fpl$fadd)
    __fpl_fcmp_Inf                           0x08006fd1   Thumb Code    24  fcmpi.o(x$fpl$fcmpinf)
    __aeabi_fdiv                             0x08006fe9   Thumb Code     0  fdiv.o(x$fpl$fdiv)
    _fdiv                                    0x08006fe9   Thumb Code   384  fdiv.o(x$fpl$fdiv)
    __aeabi_cfcmpeq                          0x0800716d   Thumb Code     0  feqf.o(x$fpl$feqf)
    _fcmpeq                                  0x0800716d   Thumb Code   104  feqf.o(x$fpl$feqf)
    __aeabi_f2uiz                            0x080071d5   Thumb Code     0  ffixu.o(x$fpl$ffixu)
    _ffixu                                   0x080071d5   Thumb Code    62  ffixu.o(x$fpl$ffixu)
    __aeabi_ui2f                             0x08007215   Thumb Code     0  fflt_clz.o(x$fpl$ffltu)
    _ffltu                                   0x08007215   Thumb Code    38  fflt_clz.o(x$fpl$ffltu)
    __aeabi_cfcmple                          0x0800723d   Thumb Code     0  fleqf.o(x$fpl$fleqf)
    _fcmple                                  0x0800723d   Thumb Code   104  fleqf.o(x$fpl$fleqf)
    __fpl_fcmple_InfNaN                      0x0800728f   Thumb Code     0  fleqf.o(x$fpl$fleqf)
    __aeabi_fmul                             0x080072a5   Thumb Code     0  fmul.o(x$fpl$fmul)
    _fmul                                    0x080072a5   Thumb Code   258  fmul.o(x$fpl$fmul)
    __fpl_fnaninf                            0x080073a7   Thumb Code   140  fnaninf.o(x$fpl$fnaninf)
    __fpl_fretinf                            0x08007433   Thumb Code    10  fretinf.o(x$fpl$fretinf)
    __aeabi_cfrcmple                         0x0800743d   Thumb Code     0  frleqf.o(x$fpl$frleqf)
    _frcmple                                 0x0800743d   Thumb Code    98  frleqf.o(x$fpl$frleqf)
    __aeabi_fsub                             0x080074a1   Thumb Code     0  faddsub_clz.o(x$fpl$fsub)
    _fsub                                    0x080074a1   Thumb Code   234  faddsub_clz.o(x$fpl$fsub)
    _printf_fp_dec                           0x0800758b   Thumb Code     4  printf1.o(x$fpl$printf1)
    _printf_fp_hex                           0x0800758f   Thumb Code     4  printf2.o(x$fpl$printf2)
    __fpl_return_NaN                         0x08007593   Thumb Code   100  retnan.o(x$fpl$retnan)
    __ARM_scalbn                             0x080075f7   Thumb Code    92  scalbn.o(x$fpl$scalbn)
    __fpl_cmpreturn                          0x08007653   Thumb Code    48  trapv.o(x$fpl$trapveneer)
    OLED_F8x16                               0x08007682   Data        1520  oled_data.o(.constdata)
    __I$use$fp                               0x08007682   Number         0  usenofp.o(x$fpl$usenofp)
    OLED_F6x8                                0x08007c72   Data         570  oled_data.o(.constdata)
    OLED_F12x24                              0x08007eac   Data        3420  oled_data.o(.constdata)
    OLED_CF16x16                             0x08008c08   Data        1470  oled_data.o(.constdata)
    OLED_CF12x12                             0x080091c6   Data        3294  oled_data.o(.constdata)
    Diode                                    0x08009ea4   Data          32  oled_data.o(.constdata)
    Cursor                                   0x08009ec4   Data          44  oled_data.o(.constdata)
    Climate                                  0x08009ef0   Data         200  oled_data.o(.constdata)
    Set                                      0x08009fb8   Data         200  oled_data.o(.constdata)
    Connect                                  0x0800a080   Data         200  oled_data.o(.constdata)
    Light                                    0x0800a148   Data         200  oled_data.o(.constdata)
    SOS                                      0x0800a210   Data         200  oled_data.o(.constdata)
    duo                                      0x0800a2d8   Data           6  oled_data.o(.constdata)
    mode                                     0x0800a2de   Data         120  oled_data.o(.constdata)
    Battery                                  0x0800a356   Data         200  oled_data.o(.constdata)
    __mathlib_zero                           0x0800a4f8   Data           8  qnan.o(.constdata)
    Region$$Table$$Base                      0x0800a7b4   Number         0  anon$$obj.o(Region$$Table)
    Region$$Table$$Limit                     0x0800a7d4   Number         0  anon$$obj.o(Region$$Table)
    __ctype                                  0x0800a7fd   Data           0  lc_ctype_c.o(locale$$data)
    air_quality                              0x20000000   Data           4  main.o(.data)
    RGB_data                                 0x20000004   Data           1  main.o(.data)
    occ                                      0x20000005   Data           1  main.o(.data)
    SystemCoreClock                          0x20000008   Data           4  system_stm32f10x.o(.data)
    AHBPrescTable                            0x2000000c   Data          16  system_stm32f10x.o(.data)
    MQ135_RO_CLEAN_AIR                       0x2000001c   Data           4  mq135.o(.data)
    ESP8266_Init_Success                     0x20000020   Data           1  esp8266.o(.data)
    MQTT_Init_Success                        0x20000021   Data           1  esp8266.o(.data)
    USART1_RX_LEN                            0x20000022   Data           2  serial.o(.data)
    USART1_RX_FINISH                         0x20000024   Data           1  serial.o(.data)
    USART2_RX_LEN                            0x20000026   Data           2  serial.o(.data)
    USART2_RX_FINISH                         0x20000028   Data           1  serial.o(.data)
    DHT11_Data                               0x20000048   Data          16  main.o(.bss)
    USART1_RX_BUF                            0x20000058   Data        1024  serial.o(.bss)
    USART2_RX_BUF                            0x20000458   Data        1024  serial.o(.bss)
    OLED_DisplayBuf                          0x20000858   Data        1024  oled.o(.bss)
    __libspace_start                         0x20000c58   Data          96  libspace.o(.bss)
    __temporary_stack_top$libspace           0x20000cb8   Data           0  libspace.o(.bss)



==============================================================================

Memory Map of the image

  Image Entry point : 0x080000ed

  Load Region LR_IROM1 (Base: 0x08000000, Size: 0x0000a948, Max: 0x00010000, ABSOLUTE)

    Execution Region ER_IROM1 (Exec base: 0x08000000, Load base: 0x08000000, Size: 0x0000a900, Max: 0x00010000, ABSOLUTE)

    Exec Addr    Load Addr    Size         Type   Attr      Idx    E Section Name        Object

    0x08000000   0x08000000   0x000000ec   Data   RO           35    RESET               startup_stm32f10x_md.o
    0x080000ec   0x080000ec   0x00000008   Code   RO           85  * !!!main             c_w.l(__main.o)
    0x080000f4   0x080000f4   0x00000034   Code   RO          361    !!!scatter          c_w.l(__scatter.o)
    0x08000128   0x08000128   0x0000001a   Code   RO          362    !!handler_copy      c_w.l(__scatter_copy.o)
    0x08000142   0x08000142   0x00000002   PAD
    0x08000144   0x08000144   0x0000001c   Code   RO          363    !!handler_zi        c_w.l(__scatter_zi.o)
    0x08000160   0x08000160   0x00000000   Code   RO           79    .ARM.Collect$$_printf_percent$$00000000  c_w.l(_printf_percent.o)
    0x08000160   0x08000160   0x00000006   Code   RO          154    .ARM.Collect$$_printf_percent$$00000001  c_w.l(_printf_n.o)
    0x08000166   0x08000166   0x00000006   Code   RO          156    .ARM.Collect$$_printf_percent$$00000002  c_w.l(_printf_p.o)
    0x0800016c   0x0800016c   0x00000006   Code   RO           78    .ARM.Collect$$_printf_percent$$00000003  c_w.l(_printf_f.o)
    0x08000172   0x08000172   0x00000006   Code   RO          159    .ARM.Collect$$_printf_percent$$00000004  c_w.l(_printf_e.o)
    0x08000178   0x08000178   0x00000006   Code   RO          160    .ARM.Collect$$_printf_percent$$00000005  c_w.l(_printf_g.o)
    0x0800017e   0x0800017e   0x00000006   Code   RO          161    .ARM.Collect$$_printf_percent$$00000006  c_w.l(_printf_a.o)
    0x08000184   0x08000184   0x0000000a   Code   RO          166    .ARM.Collect$$_printf_percent$$00000007  c_w.l(_printf_ll.o)
    0x0800018e   0x0800018e   0x00000006   Code   RO          158    .ARM.Collect$$_printf_percent$$00000008  c_w.l(_printf_i.o)
    0x08000194   0x08000194   0x00000006   Code   RO           76    .ARM.Collect$$_printf_percent$$00000009  c_w.l(_printf_d.o)
    0x0800019a   0x0800019a   0x00000006   Code   RO           77    .ARM.Collect$$_printf_percent$$0000000A  c_w.l(_printf_u.o)
    0x080001a0   0x080001a0   0x00000006   Code   RO          157    .ARM.Collect$$_printf_percent$$0000000B  c_w.l(_printf_o.o)
    0x080001a6   0x080001a6   0x00000006   Code   RO          155    .ARM.Collect$$_printf_percent$$0000000C  c_w.l(_printf_x.o)
    0x080001ac   0x080001ac   0x00000006   Code   RO          163    .ARM.Collect$$_printf_percent$$0000000D  c_w.l(_printf_lli.o)
    0x080001b2   0x080001b2   0x00000006   Code   RO          164    .ARM.Collect$$_printf_percent$$0000000E  c_w.l(_printf_lld.o)
    0x080001b8   0x080001b8   0x00000006   Code   RO          165    .ARM.Collect$$_printf_percent$$0000000F  c_w.l(_printf_llu.o)
    0x080001be   0x080001be   0x00000006   Code   RO          170    .ARM.Collect$$_printf_percent$$00000010  c_w.l(_printf_llo.o)
    0x080001c4   0x080001c4   0x00000006   Code   RO          171    .ARM.Collect$$_printf_percent$$00000011  c_w.l(_printf_llx.o)
    0x080001ca   0x080001ca   0x0000000a   Code   RO          167    .ARM.Collect$$_printf_percent$$00000012  c_w.l(_printf_l.o)
    0x080001d4   0x080001d4   0x00000006   Code   RO          152    .ARM.Collect$$_printf_percent$$00000013  c_w.l(_printf_c.o)
    0x080001da   0x080001da   0x00000006   Code   RO          153    .ARM.Collect$$_printf_percent$$00000014  c_w.l(_printf_s.o)
    0x080001e0   0x080001e0   0x00000006   Code   RO          168    .ARM.Collect$$_printf_percent$$00000015  c_w.l(_printf_lc.o)
    0x080001e6   0x080001e6   0x00000006   Code   RO          169    .ARM.Collect$$_printf_percent$$00000016  c_w.l(_printf_ls.o)
    0x080001ec   0x080001ec   0x00000004   Code   RO          162    .ARM.Collect$$_printf_percent$$00000017  c_w.l(_printf_percent_end.o)
    0x080001f0   0x080001f0   0x00000002   Code   RO          255    .ARM.Collect$$libinit$$00000000  c_w.l(libinit.o)
    0x080001f2   0x080001f2   0x00000000   Code   RO          257    .ARM.Collect$$libinit$$00000002  c_w.l(libinit2.o)
    0x080001f2   0x080001f2   0x00000000   Code   RO          259    .ARM.Collect$$libinit$$00000004  c_w.l(libinit2.o)
    0x080001f2   0x080001f2   0x00000000   Code   RO          262    .ARM.Collect$$libinit$$0000000A  c_w.l(libinit2.o)
    0x080001f2   0x080001f2   0x00000000   Code   RO          264    .ARM.Collect$$libinit$$0000000C  c_w.l(libinit2.o)
    0x080001f2   0x080001f2   0x00000000   Code   RO          266    .ARM.Collect$$libinit$$0000000E  c_w.l(libinit2.o)
    0x080001f2   0x080001f2   0x00000006   Code   RO          267    .ARM.Collect$$libinit$$0000000F  c_w.l(libinit2.o)
    0x080001f8   0x080001f8   0x00000000   Code   RO          269    .ARM.Collect$$libinit$$00000011  c_w.l(libinit2.o)
    0x080001f8   0x080001f8   0x0000000c   Code   RO          270    .ARM.Collect$$libinit$$00000012  c_w.l(libinit2.o)
    0x08000204   0x08000204   0x00000000   Code   RO          271    .ARM.Collect$$libinit$$00000013  c_w.l(libinit2.o)
    0x08000204   0x08000204   0x00000000   Code   RO          273    .ARM.Collect$$libinit$$00000015  c_w.l(libinit2.o)
    0x08000204   0x08000204   0x0000000a   Code   RO          274    .ARM.Collect$$libinit$$00000016  c_w.l(libinit2.o)
    0x0800020e   0x0800020e   0x00000000   Code   RO          275    .ARM.Collect$$libinit$$00000017  c_w.l(libinit2.o)
    0x0800020e   0x0800020e   0x00000000   Code   RO          277    .ARM.Collect$$libinit$$00000019  c_w.l(libinit2.o)
    0x0800020e   0x0800020e   0x00000000   Code   RO          279    .ARM.Collect$$libinit$$0000001B  c_w.l(libinit2.o)
    0x0800020e   0x0800020e   0x00000000   Code   RO          281    .ARM.Collect$$libinit$$0000001D  c_w.l(libinit2.o)
    0x0800020e   0x0800020e   0x00000000   Code   RO          283    .ARM.Collect$$libinit$$0000001F  c_w.l(libinit2.o)
    0x0800020e   0x0800020e   0x00000000   Code   RO          285    .ARM.Collect$$libinit$$00000021  c_w.l(libinit2.o)
    0x0800020e   0x0800020e   0x00000000   Code   RO          287    .ARM.Collect$$libinit$$00000023  c_w.l(libinit2.o)
    0x0800020e   0x0800020e   0x00000000   Code   RO          289    .ARM.Collect$$libinit$$00000025  c_w.l(libinit2.o)
    0x0800020e   0x0800020e   0x00000000   Code   RO          293    .ARM.Collect$$libinit$$0000002C  c_w.l(libinit2.o)
    0x0800020e   0x0800020e   0x00000000   Code   RO          295    .ARM.Collect$$libinit$$0000002E  c_w.l(libinit2.o)
    0x0800020e   0x0800020e   0x00000000   Code   RO          297    .ARM.Collect$$libinit$$00000030  c_w.l(libinit2.o)
    0x0800020e   0x0800020e   0x00000000   Code   RO          299    .ARM.Collect$$libinit$$00000032  c_w.l(libinit2.o)
    0x0800020e   0x0800020e   0x00000002   Code   RO          300    .ARM.Collect$$libinit$$00000033  c_w.l(libinit2.o)
    0x08000210   0x08000210   0x00000002   Code   RO          325    .ARM.Collect$$libshutdown$$00000000  c_w.l(libshutdown.o)
    0x08000212   0x08000212   0x00000000   Code   RO          332    .ARM.Collect$$libshutdown$$00000002  c_w.l(libshutdown2.o)
    0x08000212   0x08000212   0x00000000   Code   RO          334    .ARM.Collect$$libshutdown$$00000004  c_w.l(libshutdown2.o)
    0x08000212   0x08000212   0x00000000   Code   RO          337    .ARM.Collect$$libshutdown$$00000007  c_w.l(libshutdown2.o)
    0x08000212   0x08000212   0x00000000   Code   RO          340    .ARM.Collect$$libshutdown$$0000000A  c_w.l(libshutdown2.o)
    0x08000212   0x08000212   0x00000000   Code   RO          342    .ARM.Collect$$libshutdown$$0000000C  c_w.l(libshutdown2.o)
    0x08000212   0x08000212   0x00000000   Code   RO          345    .ARM.Collect$$libshutdown$$0000000F  c_w.l(libshutdown2.o)
    0x08000212   0x08000212   0x00000002   Code   RO          346    .ARM.Collect$$libshutdown$$00000010  c_w.l(libshutdown2.o)
    0x08000214   0x08000214   0x00000000   Code   RO          121    .ARM.Collect$$rtentry$$00000000  c_w.l(__rtentry.o)
    0x08000214   0x08000214   0x00000000   Code   RO          199    .ARM.Collect$$rtentry$$00000002  c_w.l(__rtentry2.o)
    0x08000214   0x08000214   0x00000006   Code   RO          211    .ARM.Collect$$rtentry$$00000004  c_w.l(__rtentry4.o)
    0x0800021a   0x0800021a   0x00000000   Code   RO          201    .ARM.Collect$$rtentry$$00000009  c_w.l(__rtentry2.o)
    0x0800021a   0x0800021a   0x00000004   Code   RO          202    .ARM.Collect$$rtentry$$0000000A  c_w.l(__rtentry2.o)
    0x0800021e   0x0800021e   0x00000000   Code   RO          204    .ARM.Collect$$rtentry$$0000000C  c_w.l(__rtentry2.o)
    0x0800021e   0x0800021e   0x00000008   Code   RO          205    .ARM.Collect$$rtentry$$0000000D  c_w.l(__rtentry2.o)
    0x08000226   0x08000226   0x00000002   Code   RO          302    .ARM.Collect$$rtexit$$00000000  c_w.l(rtexit.o)
    0x08000228   0x08000228   0x00000000   Code   RO          310    .ARM.Collect$$rtexit$$00000002  c_w.l(rtexit2.o)
    0x08000228   0x08000228   0x00000004   Code   RO          311    .ARM.Collect$$rtexit$$00000003  c_w.l(rtexit2.o)
    0x0800022c   0x0800022c   0x00000006   Code   RO          312    .ARM.Collect$$rtexit$$00000004  c_w.l(rtexit2.o)
    0x08000232   0x08000232   0x00000002   PAD
    0x08000234   0x08000234   0x000002c0   Code   RO            1    .text               main.o
    0x080004f4   0x080004f4   0x00000020   Code   RO            4    .text               stm32f10x_it.o
    0x08000514   0x08000514   0x000001e0   Code   RO            5    .text               system_stm32f10x.o
    0x080006f4   0x080006f4   0x000001e4   Code   RO            7    .text               bsp_dht11.o
    0x080008d8   0x080008d8   0x00000134   Code   RO            9    .text               adc.o
    0x08000a0c   0x08000a0c   0x00000184   Code   RO           10    .text               mq135.o
    0x08000b90   0x08000b90   0x00000050   Code   RO           12    .text               buzzer.o
    0x08000be0   0x08000be0   0x00000950   Code   RO           13    .text               esp8266.o
    0x08001530   0x08001530   0x0000003e   Code   RO           16    .text               ldr.o
    0x0800156e   0x0800156e   0x00000002   PAD
    0x08001570   0x08001570   0x00000038   Code   RO           17    .text               flame.o
    0x080015a8   0x080015a8   0x00000314   Code   RO           18    .text               serial.o
    0x080018bc   0x080018bc   0x00000a74   Code   RO           21    .text               oled.o
    0x08002330   0x08002330   0x00000264   Code   RO           24    .text               bsp_rgb.o
    0x08002594   0x08002594   0x0000008c   Code   RO           27    .text               delay.o
    0x08002620   0x08002620   0x00000040   Code   RO           36    .text               startup_stm32f10x_md.o
    0x08002660   0x08002660   0x0000035c   Code   RO           37    .text               stm32f10x_gpio.o
    0x080029bc   0x080029bc   0x000003a4   Code   RO           38    .text               stm32f10x_rcc.o
    0x08002d60   0x08002d60   0x00000408   Code   RO           40    .text               stm32f10x_usart.o
    0x08003168   0x08003168   0x000000dc   Code   RO           41    .text               misc.o
    0x08003244   0x08003244   0x00000e1a   Code   RO           42    .text               stm32f10x_tim.o
    0x0800405e   0x0800405e   0x00000002   PAD
    0x08004060   0x08004060   0x0000044e   Code   RO           43    .text               stm32f10x_adc.o
    0x080044ae   0x080044ae   0x00000002   PAD
    0x080044b0   0x080044b0   0x00000024   Code   RO           58    .text               c_w.l(vsprintf.o)
    0x080044d4   0x080044d4   0x00000038   Code   RO           59    .text               c_w.l(__2snprintf.o)
    0x0800450c   0x0800450c   0x00000078   Code   RO           62    .text               c_w.l(_printf_dec.o)
    0x08004584   0x08004584   0x00000188   Code   RO           74    .text               c_w.l(__printf_flags_ss_wp.o)
    0x0800470c   0x0800470c   0x00000024   Code   RO           80    .text               c_w.l(strstr.o)
    0x08004730   0x08004730   0x0000003e   Code   RO           81    .text               c_w.l(strlen.o)
    0x0800476e   0x0800476e   0x00000044   Code   RO           82    .text               c_w.l(rt_memclr.o)
    0x080047b2   0x080047b2   0x00000002   PAD
    0x080047b4   0x080047b4   0x00000080   Code   RO           83    .text               c_w.l(strcmpv7m.o)
    0x08004834   0x08004834   0x00000006   Code   RO           84    .text               c_w.l(heapauxi.o)
    0x0800483a   0x0800483a   0x0000004e   Code   RO          123    .text               c_w.l(_printf_pad.o)
    0x08004888   0x08004888   0x00000024   Code   RO          124    .text               c_w.l(_printf_truncate.o)
    0x080048ac   0x080048ac   0x00000052   Code   RO          125    .text               c_w.l(_printf_str.o)
    0x080048fe   0x080048fe   0x000000b2   Code   RO          126    .text               c_w.l(_printf_intcommon.o)
    0x080049b0   0x080049b0   0x00000028   Code   RO          127    .text               c_w.l(_printf_charcount.o)
    0x080049d8   0x080049d8   0x0000041e   Code   RO          128    .text               c_w.l(_printf_fp_dec.o)
    0x08004df6   0x08004df6   0x00000002   PAD
    0x08004df8   0x08004df8   0x00000030   Code   RO          129    .text               c_w.l(_printf_char_common.o)
    0x08004e28   0x08004e28   0x0000000a   Code   RO          130    .text               c_w.l(_sputc.o)
    0x08004e32   0x08004e32   0x00000010   Code   RO          131    .text               c_w.l(_snputc.o)
    0x08004e42   0x08004e42   0x00000002   PAD
    0x08004e44   0x08004e44   0x000000bc   Code   RO          132    .text               c_w.l(_printf_wctomb.o)
    0x08004f00   0x08004f00   0x0000007c   Code   RO          134    .text               c_w.l(_printf_longlong_dec.o)
    0x08004f7c   0x08004f7c   0x00000070   Code   RO          137    .text               c_w.l(_printf_oct_int_ll.o)
    0x08004fec   0x08004fec   0x00000094   Code   RO          150    .text               c_w.l(_printf_hex_int_ll_ptr.o)
    0x08005080   0x08005080   0x0000004e   Code   RO          172    .text               c_w.l(rt_memclr_w.o)
    0x080050ce   0x080050ce   0x00000002   PAD
    0x080050d0   0x080050d0   0x00000008   Code   RO          215    .text               c_w.l(rt_locale_intlibspace.o)
    0x080050d8   0x080050d8   0x0000008a   Code   RO          219    .text               c_w.l(lludiv10.o)
    0x08005162   0x08005162   0x00000002   PAD
    0x08005164   0x08005164   0x000002fc   Code   RO          220    .text               c_w.l(_printf_fp_hex.o)
    0x08005460   0x08005460   0x00000080   Code   RO          222    .text               c_w.l(_printf_fp_infnan.o)
    0x080054e0   0x080054e0   0x0000002c   Code   RO          224    .text               c_w.l(_printf_char.o)
    0x0800550c   0x0800550c   0x0000002c   Code   RO          225    .text               c_w.l(_printf_wchar.o)
    0x08005538   0x08005538   0x000000e4   Code   RO          226    .text               c_w.l(bigflt0.o)
    0x0800561c   0x0800561c   0x00000040   Code   RO          239    .text               c_w.l(_wcrtomb.o)
    0x0800565c   0x0800565c   0x00000008   Code   RO          247    .text               c_w.l(libspace.o)
    0x08005664   0x08005664   0x0000004a   Code   RO          249    .text               c_w.l(sys_stackheap_outer.o)
    0x080056ae   0x080056ae   0x00000002   PAD
    0x080056b0   0x080056b0   0x00000010   Code   RO          250    .text               c_w.l(rt_ctype_table.o)
    0x080056c0   0x080056c0   0x00000012   Code   RO          251    .text               c_w.l(exit.o)
    0x080056d2   0x080056d2   0x00000002   PAD
    0x080056d4   0x080056d4   0x0000000c   Code   RO          320    .text               c_w.l(sys_exit.o)
    0x080056e0   0x080056e0   0x00000002   Code   RO          326    .text               c_w.l(use_no_semi.o)
    0x080056e2   0x080056e2   0x00000000   Code   RO          327    .text               c_w.l(indicate_semi.o)
    0x080056e2   0x080056e2   0x0000003e   Code   RO          228    CL$$btod_d2e        c_w.l(btod.o)
    0x08005720   0x08005720   0x00000046   Code   RO          230    CL$$btod_d2e_denorm_low  c_w.l(btod.o)
    0x08005766   0x08005766   0x00000060   Code   RO          229    CL$$btod_d2e_norm_op1  c_w.l(btod.o)
    0x080057c6   0x080057c6   0x00000338   Code   RO          238    CL$$btod_div_common  c_w.l(btod.o)
    0x08005afe   0x08005afe   0x000000dc   Code   RO          235    CL$$btod_e2e        c_w.l(btod.o)
    0x08005bda   0x08005bda   0x0000002a   Code   RO          232    CL$$btod_ediv       c_w.l(btod.o)
    0x08005c04   0x08005c04   0x0000002a   Code   RO          231    CL$$btod_emul       c_w.l(btod.o)
    0x08005c2e   0x08005c2e   0x00000244   Code   RO          237    CL$$btod_mult_common  c_w.l(btod.o)
    0x08005e72   0x08005e72   0x00000028   Code   RO          245    i.__ARM_fpclassify  m_ws.l(fpclassify.o)
    0x08005e9a   0x08005e9a   0x000000aa   Code   RO          246    i.__kernel_poly     m_ws.l(poly.o)
    0x08005f44   0x08005f44   0x00000006   Code   RO          191    i.__mathlib_dbl_infnan  m_ws.l(dunder.o)
    0x08005f4a   0x08005f4a   0x00000004   Code   RO          192    i.__mathlib_dbl_infnan2  m_ws.l(dunder.o)
    0x08005f4e   0x08005f4e   0x00000002   PAD
    0x08005f50   0x08005f50   0x00000010   Code   RO          196    i.__mathlib_dbl_underflow  m_ws.l(dunder.o)
    0x08005f60   0x08005f60   0x0000000e   Code   RO           70    i._is_digit         c_w.l(__printf_wp.o)
    0x08005f6e   0x08005f6e   0x00000002   PAD
    0x08005f70   0x08005f70   0x00000220   Code   RO          185    i.atan              m_ws.l(atan.o)
    0x08006190   0x08006190   0x00000180   Code   RO          117    i.atan2             m_ws.l(atan2.o)
    0x08006310   0x08006310   0x00000094   Code   RO          120    i.round             m_ws.l(round.o)
    0x080063a4   0x080063a4   0x0000002c   Code   RO          241    locale$$code        c_w.l(lc_numeric_c.o)
    0x080063d0   0x080063d0   0x0000002c   Code   RO          305    locale$$code        c_w.l(lc_ctype_c.o)
    0x080063fc   0x080063fc   0x00000150   Code   RO           86    x$fpl$dadd          fz_ws.l(daddsub_clz.o)
    0x0800654c   0x0800654c   0x00000010   Code   RO          301    x$fpl$dcheck1       fz_ws.l(dcheck1.o)
    0x0800655c   0x0800655c   0x00000018   Code   RO          242    x$fpl$dcmpinf       fz_ws.l(dcmpi.o)
    0x08006574   0x08006574   0x000002b0   Code   RO           90    x$fpl$ddiv          fz_ws.l(ddiv.o)
    0x08006824   0x08006824   0x0000005e   Code   RO           91    x$fpl$dfix          fz_ws.l(dfix.o)
    0x08006882   0x08006882   0x00000002   PAD
    0x08006884   0x08006884   0x0000005a   Code   RO           93    x$fpl$dfixu         fz_ws.l(dfixu.o)
    0x080068de   0x080068de   0x0000002e   Code   RO           96    x$fpl$dflt          fz_ws.l(dflt_clz.o)
    0x0800690c   0x0800690c   0x00000026   Code   RO           95    x$fpl$dfltu         fz_ws.l(dflt_clz.o)
    0x08006932   0x08006932   0x00000002   PAD
    0x08006934   0x08006934   0x00000078   Code   RO          173    x$fpl$dleqf         fz_ws.l(dleqf.o)
    0x080069ac   0x080069ac   0x00000154   Code   RO           98    x$fpl$dmul          fz_ws.l(dmul.o)
    0x08006b00   0x08006b00   0x0000009c   Code   RO          174    x$fpl$dnaninf       fz_ws.l(dnaninf.o)
    0x08006b9c   0x08006b9c   0x0000000c   Code   RO          175    x$fpl$dretinf       fz_ws.l(dretinf.o)
    0x08006ba8   0x08006ba8   0x0000006c   Code   RO           99    x$fpl$drleqf        fz_ws.l(drleqf.o)
    0x08006c14   0x08006c14   0x000000b4   Code   RO          176    x$fpl$drnd          fz_ws.l(drnd.o)
    0x08006cc8   0x08006cc8   0x00000016   Code   RO           87    x$fpl$drsb          fz_ws.l(daddsub_clz.o)
    0x08006cde   0x08006cde   0x00000002   PAD
    0x08006ce0   0x08006ce0   0x000001d4   Code   RO           88    x$fpl$dsub          fz_ws.l(daddsub_clz.o)
    0x08006eb4   0x08006eb4   0x00000056   Code   RO          100    x$fpl$f2d           fz_ws.l(f2d.o)
    0x08006f0a   0x08006f0a   0x00000002   PAD
    0x08006f0c   0x08006f0c   0x000000c4   Code   RO          101    x$fpl$fadd          fz_ws.l(faddsub_clz.o)
    0x08006fd0   0x08006fd0   0x00000018   Code   RO          177    x$fpl$fcmpinf       fz_ws.l(fcmpi.o)
    0x08006fe8   0x08006fe8   0x00000184   Code   RO          105    x$fpl$fdiv          fz_ws.l(fdiv.o)
    0x0800716c   0x0800716c   0x00000068   Code   RO          106    x$fpl$feqf          fz_ws.l(feqf.o)
    0x080071d4   0x080071d4   0x0000003e   Code   RO          107    x$fpl$ffixu         fz_ws.l(ffixu.o)
    0x08007212   0x08007212   0x00000002   PAD
    0x08007214   0x08007214   0x00000026   Code   RO          109    x$fpl$ffltu         fz_ws.l(fflt_clz.o)
    0x0800723a   0x0800723a   0x00000002   PAD
    0x0800723c   0x0800723c   0x00000068   Code   RO          112    x$fpl$fleqf         fz_ws.l(fleqf.o)
    0x080072a4   0x080072a4   0x00000102   Code   RO          113    x$fpl$fmul          fz_ws.l(fmul.o)
    0x080073a6   0x080073a6   0x0000008c   Code   RO          178    x$fpl$fnaninf       fz_ws.l(fnaninf.o)
    0x08007432   0x08007432   0x0000000a   Code   RO          179    x$fpl$fretinf       fz_ws.l(fretinf.o)
    0x0800743c   0x0800743c   0x00000062   Code   RO          114    x$fpl$frleqf        fz_ws.l(frleqf.o)
    0x0800749e   0x0800749e   0x00000002   PAD
    0x080074a0   0x080074a0   0x000000ea   Code   RO          103    x$fpl$fsub          fz_ws.l(faddsub_clz.o)
    0x0800758a   0x0800758a   0x00000004   Code   RO          115    x$fpl$printf1       fz_ws.l(printf1.o)
    0x0800758e   0x0800758e   0x00000004   Code   RO          180    x$fpl$printf2       fz_ws.l(printf2.o)
    0x08007592   0x08007592   0x00000064   Code   RO          308    x$fpl$retnan        fz_ws.l(retnan.o)
    0x080075f6   0x080075f6   0x0000005c   Code   RO          244    x$fpl$scalbn        fz_ws.l(scalbn.o)
    0x08007652   0x08007652   0x00000030   Code   RO          318    x$fpl$trapveneer    fz_ws.l(trapv.o)
    0x08007682   0x08007682   0x00000000   Code   RO          183    x$fpl$usenofp       fz_ws.l(usenofp.o)
    0x08007682   0x08007682   0x00002d9c   Data   RO           23    .constdata          oled_data.o
    0x0800a41e   0x0800a41e   0x00000011   Data   RO           75    .constdata          c_w.l(__printf_flags_ss_wp.o)
    0x0800a42f   0x0800a42f   0x00000001   PAD
    0x0800a430   0x0800a430   0x00000008   Data   RO          133    .constdata          c_w.l(_printf_wctomb.o)
    0x0800a438   0x0800a438   0x00000028   Data   RO          151    .constdata          c_w.l(_printf_hex_int_ll_ptr.o)
    0x0800a460   0x0800a460   0x00000098   Data   RO          186    .constdata          m_ws.l(atan.o)
    0x0800a4f8   0x0800a4f8   0x00000008   Data   RO          197    .constdata          m_ws.l(qnan.o)
    0x0800a500   0x0800a500   0x00000026   Data   RO          221    .constdata          c_w.l(_printf_fp_hex.o)
    0x0800a526   0x0800a526   0x00000002   PAD
    0x0800a528   0x0800a528   0x00000094   Data   RO          227    .constdata          c_w.l(bigflt0.o)
    0x0800a5bc   0x0800a5bc   0x000001f8   Data   RO           14    .conststring        esp8266.o
    0x0800a7b4   0x0800a7b4   0x00000020   Data   RO          359    Region$$Table       anon$$obj.o
    0x0800a7d4   0x0800a7d4   0x0000001c   Data   RO          240    locale$$data        c_w.l(lc_numeric_c.o)
    0x0800a7f0   0x0800a7f0   0x00000110   Data   RO          304    locale$$data        c_w.l(lc_ctype_c.o)


    Execution Region RW_IRAM1 (Exec base: 0x20000000, Load base: 0x0800a900, Size: 0x000012b8, Max: 0x00005000, ABSOLUTE)

    Exec Addr    Load Addr    Size         Type   Attr      Idx    E Section Name        Object

    0x20000000   0x0800a900   0x00000006   Data   RW            3    .data               main.o
    0x20000006   0x0800a906   0x00000002   PAD
    0x20000008   0x0800a908   0x00000014   Data   RW            6    .data               system_stm32f10x.o
    0x2000001c   0x0800a91c   0x00000004   Data   RW           11    .data               mq135.o
    0x20000020   0x0800a920   0x00000002   Data   RW           15    .data               esp8266.o
    0x20000022   0x0800a922   0x00000007   Data   RW           20    .data               serial.o
    0x20000029   0x0800a929   0x00000004   Data   RW           25    .data               bsp_rgb.o
    0x2000002d   0x0800a92d   0x00000003   PAD
    0x20000030   0x0800a930   0x00000004   Data   RW           28    .data               delay.o
    0x20000034   0x0800a934   0x00000014   Data   RW           39    .data               stm32f10x_rcc.o
    0x20000048        -       0x00000010   Zero   RW            2    .bss                main.o
    0x20000058        -       0x00000800   Zero   RW           19    .bss                serial.o
    0x20000858        -       0x00000400   Zero   RW           22    .bss                oled.o
    0x20000c58        -       0x00000060   Zero   RW          248    .bss                c_w.l(libspace.o)
    0x20000cb8        -       0x00000200   Zero   RW           34    HEAP                startup_stm32f10x_md.o
    0x20000eb8        -       0x00000400   Zero   RW           33    STACK               startup_stm32f10x_md.o


==============================================================================

Image component sizes


      Code (inc. data)   RO Data    RW Data    ZI Data      Debug   Object Name

       308         16          0          0          0          0   adc.o
       484          8          0          0          0          0   bsp_dht11.o
       612         40          0          4          0          0   bsp_rgb.o
        80          6          0          0          0          0   buzzer.o
       140         18          0          4          0          0   delay.o
      2384        836        504          2          0          0   esp8266.o
        56          4          0          0          0          0   flame.o
        62          0          0          0          0          0   ldr.o
       704        136          0          6         16          0   main.o
       220         22          0          0          0          0   misc.o
       388         28          0          4          0          0   mq135.o
      2676         54          0          0       1024          0   oled.o
         0          0      11676          0          0          0   oled_data.o
       788         36          0          7       2048          0   serial.o
        64         26        236          0       1536          0   startup_stm32f10x_md.o
      1102         26          0          0          0          0   stm32f10x_adc.o
       860         38          0          0          0          0   stm32f10x_gpio.o
        32          0          0          0          0          0   stm32f10x_it.o
       932         36          0         20          0          0   stm32f10x_rcc.o
      3610         88          0          0          0          0   stm32f10x_tim.o
      1032         22          0          0          0          0   stm32f10x_usart.o
       480         38          0         20          0          0   system_stm32f10x.o

    ----------------------------------------------------------------------
     17020       1478      12448         72       4624          0   Object Totals
         0          0         32          0          0          0   (incl. Generated)
         6          0          0          5          0          0   (incl. Padding)

    ----------------------------------------------------------------------

      Code (inc. data)   RO Data    RW Data    ZI Data      Debug   Library Member Name

        56          6          0          0          0          0   __2snprintf.o
         8          0          0          0          0          0   __main.o
       392          4         17          0          0          0   __printf_flags_ss_wp.o
        14          0          0          0          0          0   __printf_wp.o
         0          0          0          0          0          0   __rtentry.o
        12          0          0          0          0          0   __rtentry2.o
         6          0          0          0          0          0   __rtentry4.o
        52          8          0          0          0          0   __scatter.o
        26          0          0          0          0          0   __scatter_copy.o
        28          0          0          0          0          0   __scatter_zi.o
         6          0          0          0          0          0   _printf_a.o
         6          0          0          0          0          0   _printf_c.o
        44          0          0          0          0          0   _printf_char.o
        48          6          0          0          0          0   _printf_char_common.o
        40          0          0          0          0          0   _printf_charcount.o
         6          0          0          0          0          0   _printf_d.o
       120         16          0          0          0          0   _printf_dec.o
         6          0          0          0          0          0   _printf_e.o
         6          0          0          0          0          0   _printf_f.o
      1054          0          0          0          0          0   _printf_fp_dec.o
       764          8         38          0          0          0   _printf_fp_hex.o
       128         16          0          0          0          0   _printf_fp_infnan.o
         6          0          0          0          0          0   _printf_g.o
       148          4         40          0          0          0   _printf_hex_int_ll_ptr.o
         6          0          0          0          0          0   _printf_i.o
       178          0          0          0          0          0   _printf_intcommon.o
        10          0          0          0          0          0   _printf_l.o
         6          0          0          0          0          0   _printf_lc.o
        10          0          0          0          0          0   _printf_ll.o
         6          0          0          0          0          0   _printf_lld.o
         6          0          0          0          0          0   _printf_lli.o
         6          0          0          0          0          0   _printf_llo.o
         6          0          0          0          0          0   _printf_llu.o
         6          0          0          0          0          0   _printf_llx.o
       124         16          0          0          0          0   _printf_longlong_dec.o
         6          0          0          0          0          0   _printf_ls.o
         6          0          0          0          0          0   _printf_n.o
         6          0          0          0          0          0   _printf_o.o
       112         10          0          0          0          0   _printf_oct_int_ll.o
         6          0          0          0          0          0   _printf_p.o
        78          0          0          0          0          0   _printf_pad.o
         0          0          0          0          0          0   _printf_percent.o
         4          0          0          0          0          0   _printf_percent_end.o
         6          0          0          0          0          0   _printf_s.o
        82          0          0          0          0          0   _printf_str.o
        36          0          0          0          0          0   _printf_truncate.o
         6          0          0          0          0          0   _printf_u.o
        44          0          0          0          0          0   _printf_wchar.o
       188          6          8          0          0          0   _printf_wctomb.o
         6          0          0          0          0          0   _printf_x.o
        16          0          0          0          0          0   _snputc.o
        10          0          0          0          0          0   _sputc.o
        64          0          0          0          0          0   _wcrtomb.o
       228          4        148          0          0          0   bigflt0.o
      1936        128          0          0          0          0   btod.o
        18          0          0          0          0          0   exit.o
         6          0          0          0          0          0   heapauxi.o
         0          0          0          0          0          0   indicate_semi.o
        44         10        272          0          0          0   lc_ctype_c.o
        44         10         28          0          0          0   lc_numeric_c.o
         2          0          0          0          0          0   libinit.o
        30          0          0          0          0          0   libinit2.o
         2          0          0          0          0          0   libshutdown.o
         2          0          0          0          0          0   libshutdown2.o
         8          4          0          0         96          0   libspace.o
       138          0          0          0          0          0   lludiv10.o
        16          4          0          0          0          0   rt_ctype_table.o
         8          4          0          0          0          0   rt_locale_intlibspace.o
        68          0          0          0          0          0   rt_memclr.o
        78          0          0          0          0          0   rt_memclr_w.o
         2          0          0          0          0          0   rtexit.o
        10          0          0          0          0          0   rtexit2.o
       128          0          0          0          0          0   strcmpv7m.o
        62          0          0          0          0          0   strlen.o
        36          0          0          0          0          0   strstr.o
        12          4          0          0          0          0   sys_exit.o
        74          0          0          0          0          0   sys_stackheap_outer.o
         2          0          0          0          0          0   use_no_semi.o
        36          4          0          0          0          0   vsprintf.o
       826         16          0          0          0          0   daddsub_clz.o
        16          4          0          0          0          0   dcheck1.o
        24          0          0          0          0          0   dcmpi.o
       688        140          0          0          0          0   ddiv.o
        94          4          0          0          0          0   dfix.o
        90          4          0          0          0          0   dfixu.o
        84          0          0          0          0          0   dflt_clz.o
       120          4          0          0          0          0   dleqf.o
       340         12          0          0          0          0   dmul.o
       156          4          0          0          0          0   dnaninf.o
        12          0          0          0          0          0   dretinf.o
       108          0          0          0          0          0   drleqf.o
       180          4          0          0          0          0   drnd.o
        86          4          0          0          0          0   f2d.o
       430          8          0          0          0          0   faddsub_clz.o
        24          0          0          0          0          0   fcmpi.o
       388         76          0          0          0          0   fdiv.o
       104          4          0          0          0          0   feqf.o
        62          4          0          0          0          0   ffixu.o
        38          0          0          0          0          0   fflt_clz.o
       104          4          0          0          0          0   fleqf.o
       258          4          0          0          0          0   fmul.o
       140          4          0          0          0          0   fnaninf.o
        10          0          0          0          0          0   fretinf.o
        98          0          0          0          0          0   frleqf.o
         4          0          0          0          0          0   printf1.o
         4          0          0          0          0          0   printf2.o
       100          0          0          0          0          0   retnan.o
        92          0          0          0          0          0   scalbn.o
        48          0          0          0          0          0   trapv.o
         0          0          0          0          0          0   usenofp.o
       544         70        152          0          0          0   atan.o
       384         38          0          0          0          0   atan2.o
        26          6          0          0          0          0   dunder.o
        40          0          0          0          0          0   fpclassify.o
       170          0          0          0          0          0   poly.o
         0          0          8          0          0          0   qnan.o
       148         12          0          0          0          0   round.o

    ----------------------------------------------------------------------
     13082        698        714          0         96          0   Library Totals
        36          0          3          0          0          0   (incl. Padding)

    ----------------------------------------------------------------------

      Code (inc. data)   RO Data    RW Data    ZI Data      Debug   Library Name

      7006        272        551          0         96          0   c_w.l
      4728        300          0          0          0          0   fz_ws.l
      1312        126        160          0          0          0   m_ws.l

    ----------------------------------------------------------------------
     13082        698        714          0         96          0   Library Totals

    ----------------------------------------------------------------------

==============================================================================


      Code (inc. data)   RO Data    RW Data    ZI Data      Debug   

     30102       2176      13162         72       4720          0   Grand Totals
     30102       2176      13162         72       4720          0   ELF Image Totals
     30102       2176      13162         72          0          0   ROM Totals

==============================================================================

    Total RO  Size (Code + RO Data)                43264 (  42.25kB)
    Total RW  Size (RW Data + ZI Data)              4792 (   4.68kB)
    Total ROM Size (Code + RO Data + RW Data)      43336 (  42.32kB)

==============================================================================

